loading docs...
docs train/dev/test = 8000/1500/1500
loading encoder sentence-transformers/all-MiniLM-L6-v2...
building train examples...
  encoding 8196 sentences, 7478 claims...
building dev examples...
  encoding 1517 sentences, 1386 claims...
building test examples...
  encoding 1610 sentences, 1385 claims...
examples train/dev/test = 8000/1500/1500
epoch 1: train_loss=0.7874 train_f1=0.5010 dev_f1=0.5012 w=[0.6856589317321777, 0.2614555358886719, 0.05288558825850487]
epoch 2: train_loss=0.7355 train_f1=0.5012 dev_f1=0.4985 w=[0.6962174773216248, 0.2535698711872101, 0.050212688744068146]
epoch 3: train_loss=0.7225 train_f1=0.5018 dev_f1=0.4999 w=[0.6977807283401489, 0.2521521747112274, 0.05006707087159157]
epoch 4: train_loss=0.7124 train_f1=0.5043 dev_f1=0.5017 w=[0.6974990963935852, 0.252442866563797, 0.050058070570230484]
evaluating test...
evaluating dev...
{
  "test_full_f1": 0.4902699925289709,
  "weights": [
    0.6974990963935852,
    0.252442866563797,
    0.050058070570230484
  ]
}
wrote paper_projects\2026_c2ges_engineeringletters\workspace\w4_c2_five_seed\seed_2028\predicted\summary.json
