loading docs...
docs train/dev/test = 8000/1500/1500
loading encoder sentence-transformers/all-MiniLM-L6-v2...
building train examples...
  encoding 8196 sentences, 7478 claims...
building dev examples...
  encoding 1517 sentences, 1386 claims...
building test examples...
  encoding 1610 sentences, 1385 claims...
examples train/dev/test = 8000/1500/1500
epoch 1: train_loss=0.4889 train_f1=0.4934 dev_f1=0.4961 w=[0.9438694715499878, 0.0, 0.05613052099943161]
epoch 2: train_loss=0.4768 train_f1=0.4924 dev_f1=0.4962 w=[0.9495917558670044, 0.0, 0.05040823668241501]
epoch 3: train_loss=0.4764 train_f1=0.4924 dev_f1=0.4962 w=[0.9499151706695557, 0.0, 0.05008483678102493]
epoch 4: train_loss=0.4764 train_f1=0.4924 dev_f1=0.4962 w=[0.9499528408050537, 0.0, 0.05004718154668808]
evaluating test...
evaluating dev...
{
  "test_full_f1": 0.48303345129242964,
  "weights": [
    0.9499528408050537,
    0.0,
    0.05004718154668808
  ]
}
wrote D:\aicoding\powergrid_benchmark\paper_projects\applied_sciences_dual_rebuild\C2GES\addon_round3\runs\true_no_role\seed_2026\summary.json
