loading docs...
docs train/dev/test = 8000/1500/1500
loading encoder sentence-transformers/all-MiniLM-L6-v2...
building train examples...
  encoding 8196 sentences, 7478 claims...
building dev examples...
  encoding 1517 sentences, 1386 claims...
building test examples...
  encoding 1610 sentences, 1385 claims...
examples train/dev/test = 8000/1500/1500
epoch 1: train_loss=0.7800 train_f1=0.4993 dev_f1=0.4983 w=[0.6827111840248108, 0.2644055187702179, 0.05288327485322952]
epoch 2: train_loss=0.7324 train_f1=0.5017 dev_f1=0.5006 w=[0.6946998834609985, 0.25508496165275574, 0.05021514371037483]
epoch 3: train_loss=0.7208 train_f1=0.5038 dev_f1=0.4994 w=[0.6965025067329407, 0.2534268796443939, 0.05007064342498779]
epoch 4: train_loss=0.7123 train_f1=0.5039 dev_f1=0.5012 w=[0.6959776878356934, 0.2539599537849426, 0.05006235092878342]
evaluating test...
evaluating dev...
{
  "test_full_f1": 0.4935204013793797,
  "weights": [
    0.6959776878356934,
    0.2539599537849426,
    0.05006235092878342
  ]
}
wrote paper_projects\2026_c2ges_engineeringletters\workspace\w4_c2_five_seed\seed_2030\label_blind\summary.json
