loading docs...
docs train/dev/test = 8000/1500/1500
loading encoder sentence-transformers/all-MiniLM-L6-v2...
building train examples...
  encoding 8196 sentences, 7478 claims...
building dev examples...
  encoding 1517 sentences, 1386 claims...
building test examples...
  encoding 1610 sentences, 1385 claims...
examples train/dev/test = 8000/1500/1500
epoch 1: train_loss=0.7748 train_f1=0.4972 dev_f1=0.4963 w=[0.9462961554527283, 0.04463260993361473, 0.009071228094398975]
epoch 2: train_loss=0.7195 train_f1=0.4926 dev_f1=0.4954 w=[0.9693117737770081, 0.029953787103295326, 0.0007344440673477948]
epoch 3: train_loss=0.7097 train_f1=0.4931 dev_f1=0.4958 w=[0.9507914185523987, 0.048941727727651596, 0.00026687164790928364]
epoch 4: train_loss=0.7013 train_f1=0.4973 dev_f1=0.4976 w=[0.8639278411865234, 0.135792538523674, 0.0002796327171381563]
evaluating test...
evaluating dev...
{
  "test_full_f1": 0.4882498053087837,
  "weights": [
    0.8639278411865234,
    0.135792538523674,
    0.0002796327171381563
  ]
}
wrote D:\aicoding\powergrid_benchmark\paper_projects\applied_sciences_dual_rebuild\C2GES\addon_round3\runs\true_no_floor\seed_2029\summary.json
