loading docs...
docs train/dev/test = 8000/1500/1500
loading encoder sentence-transformers/all-MiniLM-L6-v2...
building train examples...
  encoding 8196 sentences, 7478 claims...
building dev examples...
  encoding 1517 sentences, 1386 claims...
building test examples...
  encoding 1610 sentences, 1385 claims...
examples train/dev/test = 8000/1500/1500
epoch 1: train_loss=0.7904 train_f1=0.4992 dev_f1=0.4995 w=[0.6874985694885254, 0.25971975922584534, 0.05278170853853226]
epoch 2: train_loss=0.7362 train_f1=0.5012 dev_f1=0.4989 w=[0.6969678401947021, 0.25282618403434753, 0.0502060241997242]
epoch 3: train_loss=0.7233 train_f1=0.5037 dev_f1=0.5005 w=[0.6983026266098022, 0.2516326606273651, 0.050064750015735626]
epoch 4: train_loss=0.7139 train_f1=0.5047 dev_f1=0.5022 w=[0.69827800989151, 0.25166743993759155, 0.05005461722612381]
evaluating test...
evaluating dev...
{
  "test_full_f1": 0.4896784914374697,
  "weights": [
    0.69827800989151,
    0.25166743993759155,
    0.05005461722612381
  ]
}
wrote paper_projects\2026_c2ges_engineeringletters\workspace\w3_c2_pilot\full_8000_1500_1500\predicted\summary.json
