loading docs...
docs train/dev/test = 8000/1500/1500
loading encoder sentence-transformers/all-MiniLM-L6-v2...
building train examples...
  encoding 8196 sentences, 7478 claims...
building dev examples...
  encoding 1517 sentences, 1386 claims...
building test examples...
  encoding 1610 sentences, 1385 claims...
examples train/dev/test = 8000/1500/1500
epoch 1: train_loss=0.7990 train_f1=0.4986 dev_f1=0.5003 w=[0.6895056962966919, 0.2576129138469696, 0.0528813861310482]
epoch 2: train_loss=0.7339 train_f1=0.5014 dev_f1=0.5011 w=[0.6973336338996887, 0.25245577096939087, 0.05021066591143608]
epoch 3: train_loss=0.7206 train_f1=0.5022 dev_f1=0.4998 w=[0.6983130574226379, 0.25162115693092346, 0.05006580799818039]
epoch 4: train_loss=0.7115 train_f1=0.5052 dev_f1=0.5030 w=[0.6979823112487793, 0.25196099281311035, 0.050056736916303635]
evaluating test...
evaluating dev...
{
  "test_full_f1": 0.4945255147844931,
  "weights": [
    0.6979823112487793,
    0.25196099281311035,
    0.050056736916303635
  ]
}
wrote paper_projects\2026_c2ges_engineeringletters\workspace\w4_c2_five_seed\seed_2029\oracle\summary.json
