This is pdfTeX, Version 3.141592653-2.6-1.40.28 (MiKTeX 25.12) (preloaded format=pdflatex.fmt)
 restricted \write18 enabled.
entering extended mode
(paper_cmc.tex
LaTeX2e <2025-11-01>
L3 programming layer <2025-12-24>
(Definitions/tsp.cls
Document Class: Definitions/tsp 05/01/2026 TSP paper class
(C:\Users\10175\AppData\Local\Programs\MiKTeX\tex/latex/base\article.cls
Document Class: article 2025/01/22 v1.4n Standard LaTeX document class
(C:\Users\10175\AppData\Local\Programs\MiKTeX\tex/latex/base\size11.clo))
(C:\Users\10175\AppData\Local\Programs\MiKTeX\tex/latex/base\fontenc.sty)
(C:\Users\10175\AppData\Local\Programs\MiKTeX\tex/latex/base\inputenc.sty)
(C:\Users\10175\AppData\Local\Programs\MiKTeX\tex/latex/tools\calc.sty)
(C:\Users\10175\AppData\Local\Programs\MiKTeX\tex/latex/textgreek\textgreek.sty

(C:\Users\10175\AppData\Local\Programs\MiKTeX\tex/latex/greek-fontenc\lgrenc.de
f
(C:\Users\10175\AppData\Local\Programs\MiKTeX\tex/latex/greek-inputenc\lgrenc.d
fu)
(C:\Users\10175\AppData\Local\Programs\MiKTeX\tex/latex/greek-fontenc\greek-fon
tenc.def)))
(C:\Users\10175\AppData\Local\Programs\MiKTeX\tex/latex/tools\indentfirst.sty)
(C:\Users\10175\AppData\Local\Programs\MiKTeX\tex/latex/fancyhdr\fancyhdr.sty)
(C:\Users\10175\AppData\Local\Programs\MiKTeX\tex/latex/graphics\graphicx.sty
(C:\Users\10175\AppData\Local\Programs\MiKTeX\tex/latex/graphics\keyval.sty)
(C:\Users\10175\AppData\Local\Programs\MiKTeX\tex/latex/graphics\graphics.sty
(C:\Users\10175\AppData\Local\Programs\MiKTeX\tex/latex/graphics\trig.sty)
(C:\Users\10175\AppData\Local\Programs\MiKTeX\tex/latex/graphics-cfg\graphics.c
fg)
(C:\Users\10175\AppData\Local\Programs\MiKTeX\tex/latex/graphics-def\pdftex.def
)))
(C:\Users\10175\AppData\Local\Programs\MiKTeX\tex/latex/epstopdf-pkg\epstopdf.s
ty
(C:\Users\10175\AppData\Local\Programs\MiKTeX\tex/generic/infwarerr\infwarerr.s
ty) (C:\Users\10175\AppData\Local\Programs\MiKTeX\tex/latex/grfext\grfext.sty
(C:\Users\10175\AppData\Local\Programs\MiKTeX\tex/generic/kvdefinekeys\kvdefine
keys.sty))
(C:\Users\10175\AppData\Local\Programs\MiKTeX\tex/latex/kvoptions\kvoptions.sty
(C:\Users\10175\AppData\Local\Programs\MiKTeX\tex/generic/ltxcmds\ltxcmds.sty)
(C:\Users\10175\AppData\Local\Programs\MiKTeX\tex/latex/kvsetkeys\kvsetkeys.sty
))
(C:\Users\10175\AppData\Local\Programs\MiKTeX\tex/generic/pdftexcmds\pdftexcmds
.sty (C:\Users\10175\AppData\Local\Programs\MiKTeX\tex/generic/iftex\iftex.sty)
)
(C:\Users\10175\AppData\Local\Programs\MiKTeX\tex/latex/epstopdf-pkg\epstopdf-b
ase.sty
(C:\Users\10175\AppData\Local\Programs\MiKTeX\tex/latex/00miktex\epstopdf-sys.c
fg)))
(C:\Users\10175\AppData\Local\Programs\MiKTeX\tex/latex/lastpage\lastpage.sty
(C:\Users\10175\AppData\Local\Programs\MiKTeX\tex/latex/lastpage\lastpage2e.sty

(C:\Users\10175\AppData\Local\Programs\MiKTeX\tex/latex/lastpage\lastpagemodern
.sty) 
)) (C:\Users\10175\AppData\Local\Programs\MiKTeX\tex/latex/base\ifthen.sty)
(C:\Users\10175\AppData\Local\Programs\MiKTeX\tex/latex/lineno\lineno.sty
(C:\Users\10175\AppData\Local\Programs\MiKTeX\tex/latex/etoolbox\etoolbox.sty))
 (C:\Users\10175\AppData\Local\Programs\MiKTeX\tex/latex/float\float.sty)
(C:\Users\10175\AppData\Local\Programs\MiKTeX\tex/latex/amsmath\amsmath.sty
For additional information on amsmath, use the `?' option.
(C:\Users\10175\AppData\Local\Programs\MiKTeX\tex/latex/amsmath\amstext.sty
(C:\Users\10175\AppData\Local\Programs\MiKTeX\tex/latex/amsmath\amsgen.sty))
(C:\Users\10175\AppData\Local\Programs\MiKTeX\tex/latex/amsmath\amsbsy.sty)
(C:\Users\10175\AppData\Local\Programs\MiKTeX\tex/latex/amsmath\amsopn.sty))
(C:\Users\10175\AppData\Local\Programs\MiKTeX\tex/latex/amsfonts\amssymb.sty
(C:\Users\10175\AppData\Local\Programs\MiKTeX\tex/latex/amsfonts\amsfonts.sty))
 (C:\Users\10175\AppData\Local\Programs\MiKTeX\tex/latex/setspace\setspace.sty)
 (C:\Users\10175\AppData\Local\Programs\MiKTeX\tex/latex/enumitem\enumitem.sty)

(C:\Users\10175\AppData\Local\Programs\MiKTeX\tex/latex/libertine\libertine.sty
(C:\Users\10175\AppData\Local\Programs\MiKTeX\tex/generic/iftex\ifxetex.sty)
(C:\Users\10175\AppData\Local\Programs\MiKTeX\tex/generic/iftex\ifluatex.sty)
(C:\Users\10175\AppData\Local\Programs\MiKTeX\tex/latex/xkeyval\xkeyval.sty
(C:\Users\10175\AppData\Local\Programs\MiKTeX\tex/generic/xkeyval\xkeyval.tex
(C:\Users\10175\AppData\Local\Programs\MiKTeX\tex/generic/xkeyval\xkvutils.tex)
)) (C:\Users\10175\AppData\Local\Programs\MiKTeX\tex/latex/base\textcomp.sty)
(C:\Users\10175\AppData\Local\Programs\MiKTeX\tex/latex/base\fontenc.sty)
(C:\Users\10175\AppData\Local\Programs\MiKTeX\tex/latex/fontaxes\fontaxes.sty
(C:\Users\10175\AppData\Local\Programs\MiKTeX\tex/latex/figureversions\figureve
rsions.sty))
(C:\Users\10175\AppData\Local\Programs\MiKTeX\tex/latex/libertine\LinLibertine_
I.tex))
(C:\Users\10175\AppData\Local\Programs\MiKTeX\tex/latex/libertinust1math\libert
inust1math.sty
amsthm NOT loaded
) (C:\Users\10175\AppData\Local\Programs\MiKTeX\tex/latex/booktabs\booktabs.sty
) (C:\Users\10175\AppData\Local\Programs\MiKTeX\tex/latex/titlesec\titlesec.sty
) (C:\Users\10175\AppData\Local\Programs\MiKTeX\tex/latex/xcolor\xcolor.sty
(C:\Users\10175\AppData\Local\Programs\MiKTeX\tex/latex/graphics-cfg\color.cfg)
(C:\Users\10175\AppData\Local\Programs\MiKTeX\tex/latex/graphics\mathcolor.ltx)
) (C:\Users\10175\AppData\Local\Programs\MiKTeX\tex/latex/colortbl\colortbl.sty
(C:\Users\10175\AppData\Local\Programs\MiKTeX\tex/latex/tools\array.sty))
(C:\Users\10175\AppData\Local\Programs\MiKTeX\tex/generic/soul\soul.sty
(C:\Users\10175\AppData\Local\Programs\MiKTeX\tex/generic/soul\soul-ori.sty)
(C:\Users\10175\AppData\Local\Programs\MiKTeX\tex/generic/etexcmds\etexcmds.sty
))
(C:\Users\10175\AppData\Local\Programs\MiKTeX\tex/latex/multirow\multirow.sty)
(C:\Users\10175\AppData\Local\Programs\MiKTeX\tex/latex/microtype\microtype.sty

(C:\Users\10175\AppData\Local\Programs\MiKTeX\tex/latex/microtype\microtype-pdf
tex.def)
(C:\Users\10175\AppData\Local\Programs\MiKTeX\tex/latex/microtype\microtype.cfg
))
(C:\Users\10175\AppData\Local\Programs\MiKTeX\tex/latex/pgf/frontendlayer\tikz.
sty
(C:\Users\10175\AppData\Local\Programs\MiKTeX\tex/latex/pgf/basiclayer\pgf.sty
(C:\Users\10175\AppData\Local\Programs\MiKTeX\tex/latex/pgf/utilities\pgfrcs.st
y
(C:\Users\10175\AppData\Local\Programs\MiKTeX\tex/generic/pgf/utilities\pgfutil
-common.tex)
(C:\Users\10175\AppData\Local\Programs\MiKTeX\tex/generic/pgf/utilities\pgfutil
-latex.def)
(C:\Users\10175\AppData\Local\Programs\MiKTeX\tex/generic/pgf/utilities\pgfrcs.
code.tex
(C:\Users\10175\AppData\Local\Programs\MiKTeX\tex/generic/pgf\pgf.revision.tex)
))
(C:\Users\10175\AppData\Local\Programs\MiKTeX\tex/latex/pgf/basiclayer\pgfcore.
sty
(C:\Users\10175\AppData\Local\Programs\MiKTeX\tex/latex/pgf/systemlayer\pgfsys.
sty
(C:\Users\10175\AppData\Local\Programs\MiKTeX\tex/generic/pgf/systemlayer\pgfsy
s.code.tex
(C:\Users\10175\AppData\Local\Programs\MiKTeX\tex/generic/pgf/utilities\pgfkeys
.code.tex
(C:\Users\10175\AppData\Local\Programs\MiKTeX\tex/generic/pgf/utilities\pgfkeys
libraryfiltered.code.tex))
(C:\Users\10175\AppData\Local\Programs\MiKTeX\tex/generic/pgf/systemlayer\pgf.c
fg)
(C:\Users\10175\AppData\Local\Programs\MiKTeX\tex/generic/pgf/systemlayer\pgfsy
s-pdftex.def
(C:\Users\10175\AppData\Local\Programs\MiKTeX\tex/generic/pgf/systemlayer\pgfsy
s-common-pdf.def)))
(C:\Users\10175\AppData\Local\Programs\MiKTeX\tex/generic/pgf/systemlayer\pgfsy
ssoftpath.code.tex)
(C:\Users\10175\AppData\Local\Programs\MiKTeX\tex/generic/pgf/systemlayer\pgfsy
sprotocol.code.tex))
(C:\Users\10175\AppData\Local\Programs\MiKTeX\tex/generic/pgf/basiclayer\pgfcor
e.code.tex
(C:\Users\10175\AppData\Local\Programs\MiKTeX\tex/generic/pgf/math\pgfmath.code
.tex
(C:\Users\10175\AppData\Local\Programs\MiKTeX\tex/generic/pgf/math\pgfmathutil.
code.tex)
(C:\Users\10175\AppData\Local\Programs\MiKTeX\tex/generic/pgf/math\pgfmathparse
r.code.tex)
(C:\Users\10175\AppData\Local\Programs\MiKTeX\tex/generic/pgf/math\pgfmathfunct
ions.code.tex)
(C:\Users\10175\AppData\Local\Programs\MiKTeX\tex/generic/pgf/math\pgfmathfunct
ions.basic.code.tex)
(C:\Users\10175\AppData\Local\Programs\MiKTeX\tex/generic/pgf/math\pgfmathfunct
ions.trigonometric.code.tex)
(C:\Users\10175\AppData\Local\Programs\MiKTeX\tex/generic/pgf/math\pgfmathfunct
ions.random.code.tex)
(C:\Users\10175\AppData\Local\Programs\MiKTeX\tex/generic/pgf/math\pgfmathfunct
ions.comparison.code.tex)
(C:\Users\10175\AppData\Local\Programs\MiKTeX\tex/generic/pgf/math\pgfmathfunct
ions.base.code.tex)
(C:\Users\10175\AppData\Local\Programs\MiKTeX\tex/generic/pgf/math\pgfmathfunct
ions.round.code.tex)
(C:\Users\10175\AppData\Local\Programs\MiKTeX\tex/generic/pgf/math\pgfmathfunct
ions.misc.code.tex)
(C:\Users\10175\AppData\Local\Programs\MiKTeX\tex/generic/pgf/math\pgfmathfunct
ions.integerarithmetics.code.tex)
(C:\Users\10175\AppData\Local\Programs\MiKTeX\tex/generic/pgf/math\pgfmathcalc.
code.tex)
(C:\Users\10175\AppData\Local\Programs\MiKTeX\tex/generic/pgf/math\pgfmathfloat
.code.tex))
(C:\Users\10175\AppData\Local\Programs\MiKTeX\tex/generic/pgf/math\pgfint.code.
tex)
(C:\Users\10175\AppData\Local\Programs\MiKTeX\tex/generic/pgf/basiclayer\pgfcor
epoints.code.tex)
(C:\Users\10175\AppData\Local\Programs\MiKTeX\tex/generic/pgf/basiclayer\pgfcor
epathconstruct.code.tex)
(C:\Users\10175\AppData\Local\Programs\MiKTeX\tex/generic/pgf/basiclayer\pgfcor
epathusage.code.tex)
(C:\Users\10175\AppData\Local\Programs\MiKTeX\tex/generic/pgf/basiclayer\pgfcor
escopes.code.tex)
(C:\Users\10175\AppData\Local\Programs\MiKTeX\tex/generic/pgf/basiclayer\pgfcor
egraphicstate.code.tex)
(C:\Users\10175\AppData\Local\Programs\MiKTeX\tex/generic/pgf/basiclayer\pgfcor
etransformations.code.tex)
(C:\Users\10175\AppData\Local\Programs\MiKTeX\tex/generic/pgf/basiclayer\pgfcor
equick.code.tex)
(C:\Users\10175\AppData\Local\Programs\MiKTeX\tex/generic/pgf/basiclayer\pgfcor
eobjects.code.tex)
(C:\Users\10175\AppData\Local\Programs\MiKTeX\tex/generic/pgf/basiclayer\pgfcor
epathprocessing.code.tex)
(C:\Users\10175\AppData\Local\Programs\MiKTeX\tex/generic/pgf/basiclayer\pgfcor
earrows.code.tex)
(C:\Users\10175\AppData\Local\Programs\MiKTeX\tex/generic/pgf/basiclayer\pgfcor
eshade.code.tex)
(C:\Users\10175\AppData\Local\Programs\MiKTeX\tex/generic/pgf/basiclayer\pgfcor
eimage.code.tex)
(C:\Users\10175\AppData\Local\Programs\MiKTeX\tex/generic/pgf/basiclayer\pgfcor
eexternal.code.tex)
(C:\Users\10175\AppData\Local\Programs\MiKTeX\tex/generic/pgf/basiclayer\pgfcor
elayers.code.tex)
(C:\Users\10175\AppData\Local\Programs\MiKTeX\tex/generic/pgf/basiclayer\pgfcor
etransparency.code.tex)
(C:\Users\10175\AppData\Local\Programs\MiKTeX\tex/generic/pgf/basiclayer\pgfcor
epatterns.code.tex)
(C:\Users\10175\AppData\Local\Programs\MiKTeX\tex/generic/pgf/basiclayer\pgfcor
erdf.code.tex)))
(C:\Users\10175\AppData\Local\Programs\MiKTeX\tex/generic/pgf/modules\pgfmodule
shapes.code.tex)
(C:\Users\10175\AppData\Local\Programs\MiKTeX\tex/generic/pgf/modules\pgfmodule
plot.code.tex)
(C:\Users\10175\AppData\Local\Programs\MiKTeX\tex/latex/pgf/compatibility\pgfco
mp-version-0-65.sty)
(C:\Users\10175\AppData\Local\Programs\MiKTeX\tex/latex/pgf/compatibility\pgfco
mp-version-1-18.sty))
(C:\Users\10175\AppData\Local\Programs\MiKTeX\tex/latex/pgf/utilities\pgffor.st
y
(C:\Users\10175\AppData\Local\Programs\MiKTeX\tex/latex/pgf/utilities\pgfkeys.s
ty
(C:\Users\10175\AppData\Local\Programs\MiKTeX\tex/generic/pgf/utilities\pgfkeys
.code.tex))
(C:\Users\10175\AppData\Local\Programs\MiKTeX\tex/latex/pgf/math\pgfmath.sty
(C:\Users\10175\AppData\Local\Programs\MiKTeX\tex/generic/pgf/math\pgfmath.code
.tex))
(C:\Users\10175\AppData\Local\Programs\MiKTeX\tex/generic/pgf/utilities\pgffor.
code.tex))
(C:\Users\10175\AppData\Local\Programs\MiKTeX\tex/generic/pgf/frontendlayer/tik
z\tikz.code.tex
(C:\Users\10175\AppData\Local\Programs\MiKTeX\tex/generic/pgf/libraries\pgflibr
aryplothandlers.code.tex)
(C:\Users\10175\AppData\Local\Programs\MiKTeX\tex/generic/pgf/modules\pgfmodule
matrix.code.tex)
(C:\Users\10175\AppData\Local\Programs\MiKTeX\tex/generic/pgf/frontendlayer/tik
z/libraries\tikzlibrarytopaths.code.tex)))
(C:\Users\10175\AppData\Local\Programs\MiKTeX\tex/latex/refcount\refcount.sty)
(C:\Users\10175\AppData\Local\Programs\MiKTeX\tex/latex/totcount\totcount.sty)
(C:\Users\10175\AppData\Local\Programs\MiKTeX\tex/latex/frankenstein\attrib.sty

(C:\Users\10175\AppData\Local\Programs\MiKTeX\tex/latex/frankenstein\moredefs.s
ty)) (C:\Users\10175\AppData\Local\Programs\MiKTeX\tex/latex/was\upgreek.sty)
(C:\Users\10175\AppData\Local\Programs\MiKTeX\tex/latex/tools\tabularx.sty)
(C:\Users\10175\AppData\Local\Programs\MiKTeX\tex/latex/pbox\pbox.sty)
(C:\Users\10175\AppData\Local\Programs\MiKTeX\tex/latex/ragged2e\ragged2e.sty)
(C:\Users\10175\AppData\Local\Programs\MiKTeX\tex/latex/tocloft\tocloft.sty)
(C:\Users\10175\AppData\Local\Programs\MiKTeX\tex/latex/subfig\subfig.sty
(C:\Users\10175\AppData\Local\Programs\MiKTeX\tex/latex/caption\caption.sty
(C:\Users\10175\AppData\Local\Programs\MiKTeX\tex/latex/caption\caption3.sty)))

(C:\Users\10175\AppData\Local\Programs\MiKTeX\tex/latex/adjustbox\adjustbox.sty
(C:\Users\10175\AppData\Local\Programs\MiKTeX\tex/latex/adjustbox\adjcalc.sty)
(C:\Users\10175\AppData\Local\Programs\MiKTeX\tex/latex/adjustbox\trimclip.sty
(C:\Users\10175\AppData\Local\Programs\MiKTeX\tex/latex/collectbox\collectbox.s
ty)
(C:\Users\10175\AppData\Local\Programs\MiKTeX\tex/latex/adjustbox\tc-pdftex.def
))
(C:\Users\10175\AppData\Local\Programs\MiKTeX\tex/latex/ifoddpage\ifoddpage.sty
) (C:\Users\10175\AppData\Local\Programs\MiKTeX\tex/latex/varwidth\varwidth.sty
)
==> First Aid for varwidth.sty applied!
) (C:\Users\10175\AppData\Local\Programs\MiKTeX\tex/latex/enotez\enotez.sty
(C:\Users\10175\AppData\Local\Programs\MiKTeX\tex/latex/l3kernel\expl3.sty
(C:\Users\10175\AppData\Local\Programs\MiKTeX\tex/latex/l3backend\l3backend-pdf
tex.def))
(C:\Users\10175\AppData\Local\Programs\MiKTeX\tex/latex/l3packages/xparse\xpars
e.sty)
(C:\Users\10175\AppData\Local\Programs\MiKTeX\tex/latex/l3packages/l3keys2e\l3k
eys2e.sty)
(C:\Users\10175\AppData\Local\Programs\MiKTeX\tex/latex/l3packages/xtemplate\xt
emplate.sty)
(C:\Users\10175\AppData\Local\Programs\MiKTeX\tex/latex/translations\translatio
ns.sty)) (Definitions/journalnames.tex)
(C:\Users\10175\AppData\Local\Programs\MiKTeX\tex/latex/amscls\amsthm.sty)
(C:\Users\10175\AppData\Local\Programs\MiKTeX\tex/latex/natbib\natbib.sty)
(C:\Users\10175\AppData\Local\Programs\MiKTeX\tex/latex/footmisc\footmisc.sty)
(C:\Users\10175\AppData\Local\Programs\MiKTeX\tex/latex/url\url.sty)
(C:\Users\10175\AppData\Local\Programs\MiKTeX\tex/latex/hyphenat\hyphenat.sty)
(C:\Users\10175\AppData\Local\Programs\MiKTeX\tex/latex/geometry\geometry.sty
(C:\Users\10175\AppData\Local\Programs\MiKTeX\tex/generic/iftex\ifvtex.sty)
(C:\Users\10175\AppData\Local\Programs\MiKTeX\tex/latex/geometry\geometry.cfg))
(C:\Users\10175\AppData\Local\Programs\MiKTeX\tex/latex/newfloat\newfloat.sty)
(C:\Users\10175\AppData\Local\Programs\MiKTeX\tex/latex/seqsplit\seqsplit.sty))
 (Definitions/package.tex
(C:\Users\10175\AppData\Local\Programs\MiKTeX\tex/latex/ulem\ulem.sty)
(C:\Users\10175\AppData\Local\Programs\MiKTeX\tex/latex/mathcomp\mathcomp.sty)
(C:\Users\10175\AppData\Local\Programs\MiKTeX\tex/latex/cjk\CJKutf8.sty
(C:\Users\10175\AppData\Local\Programs\MiKTeX\tex/generic/iftex\ifpdf.sty)
(C:\Users\10175\AppData\Local\Programs\MiKTeX\tex/latex/cjk\CJK.sty
(C:\Users\10175\AppData\Local\Programs\MiKTeX\tex/latex/cjk/mule\MULEenc.sty)
(C:\Users\10175\AppData\Local\Programs\MiKTeX\tex/latex/cjk\CJK.enc))
(C:\Users\10175\AppData\Local\Programs\MiKTeX\tex/latex/base\fontenc.sty
(C:\Users\10175\AppData\Local\Programs\MiKTeX\tex/latex/libertine\t1linuxlibert
inet-tlf.fd)))
(C:\Users\10175\AppData\Local\Programs\MiKTeX\tex/latex/psnfss\pifont.sty
(C:\Users\10175\AppData\Local\Programs\MiKTeX\tex/latex/psnfss\upzd.fd)
(C:\Users\10175\AppData\Local\Programs\MiKTeX\tex/latex/psnfss\upsy.fd))
(C:\Users\10175\AppData\Local\Programs\MiKTeX\tex/latex/tools\bm.sty)
(C:\Users\10175\AppData\Local\Programs\MiKTeX\tex/latex/bbm\bbm.sty)
(C:\Users\10175\AppData\Local\Programs\MiKTeX\tex/latex/verse\verse.sty))

LaTeX Warning: \include should only be used after \begin{document} on input lin
e 5.

(Definitions/unicode.tex)
(C:\Users\10175\AppData\Local\Programs\MiKTeX\tex/latex/base\fontenc.sty
(C:\Users\10175\AppData\Local\Programs\MiKTeX\tex/latex/cyrillic\ot2enc.def
(C:\Users\10175\AppData\Local\Programs\MiKTeX\tex/latex/base\ot2enc.dfu))
(C:\Users\10175\AppData\Local\Programs\MiKTeX\tex/latex/cyrillic\t2aenc.def
(C:\Users\10175\AppData\Local\Programs\MiKTeX\tex/latex/base\t2aenc.dfu))
(C:\Users\10175\AppData\Local\Programs\MiKTeX\tex/latex/cyrillic\t2benc.def
(C:\Users\10175\AppData\Local\Programs\MiKTeX\tex/latex/base\t2benc.dfu))
(C:\Users\10175\AppData\Local\Programs\MiKTeX\tex/latex/cyrillic\t2cenc.def
(C:\Users\10175\AppData\Local\Programs\MiKTeX\tex/latex/base\t2cenc.dfu))
(C:\Users\10175\AppData\Local\Programs\MiKTeX\tex/latex/tipa\t3enc.def
(C:\Users\10175\AppData\Local\Programs\MiKTeX\tex/latex/libertine\t1linuxbiolin
umt-tlf.fd))
(C:\Users\10175\AppData\Local\Programs\MiKTeX\tex/latex/vntex\t5enc.def
(C:\Users\10175\AppData\Local\Programs\MiKTeX\tex/latex/vntex\t5enc.dfu)))
(C:\Users\10175\AppData\Local\Programs\MiKTeX\tex/generic/babel\babel.sty
(C:\Users\10175\AppData\Local\Programs\MiKTeX\tex/generic/babel\txtbabel.def)
*************************************
* Local config file bblopts.cfg used
*
(C:\Users\10175\AppData\Local\Programs\MiKTeX\tex/latex/arabi\bblopts.cfg)
(C:\Users\10175\AppData\Local\Programs\MiKTeX\tex/generic/babel/locale/ru\babel
-russian.tex)
(C:\Users\10175\AppData\Local\Programs\MiKTeX\tex/generic/babel/locale/en\babel
-english.tex)
(C:\Users\10175\AppData\Local\Programs\MiKTeX\tex/latex/babel-russian\russianb.
ldf)
(C:\Users\10175\AppData\Local\Programs\MiKTeX\tex/latex/babel-english\english.l
df))
(C:\Users\10175\AppData\Local\Programs\MiKTeX\tex/latex/hyperref\hyperref.sty
(C:\Users\10175\AppData\Local\Programs\MiKTeX\tex/generic/pdfescape\pdfescape.s
ty) (C:\Users\10175\AppData\Local\Programs\MiKTeX\tex/latex/hycolor\hycolor.sty
) (C:\Users\10175\AppData\Local\Programs\MiKTeX\tex/latex/hyperref\nameref.sty
(C:\Users\10175\AppData\Local\Programs\MiKTeX\tex/generic/gettitlestring\gettit
lestring.sty))
(C:\Users\10175\AppData\Local\Programs\MiKTeX\tex/generic/stringenc\stringenc.s
ty) (C:\Users\10175\AppData\Local\Programs\MiKTeX\tex/latex/hyperref\pd1enc.def
) (C:\Users\10175\AppData\Local\Programs\MiKTeX\tex/generic/intcalc\intcalc.sty
) (C:\Users\10175\AppData\Local\Programs\MiKTeX\tex/latex/hyperref\puenc.def
(C:\Users\10175\AppData\Local\Programs\MiKTeX\tex/latex/greek-fontenc\puenc-gre
ek.def
(C:\Users\10175\AppData\Local\Programs\MiKTeX\tex/latex/greek-fontenc\greek-fon
tenc.def)))
(C:\Users\10175\AppData\Local\Programs\MiKTeX\tex/generic/bitset\bitset.sty
(C:\Users\10175\AppData\Local\Programs\MiKTeX\tex/generic/bigintcalc\bigintcalc
.sty)))
(C:\Users\10175\AppData\Local\Programs\MiKTeX\tex/latex/hyperref\hpdftex.def
(C:\Users\10175\AppData\Local\Programs\MiKTeX\tex/latex/rerunfilecheck\rerunfil
echeck.sty
(C:\Users\10175\AppData\Local\Programs\MiKTeX\tex/generic/uniquecounter\uniquec
ounter.sty)))
(C:\Users\10175\AppData\Local\Programs\MiKTeX\tex/latex/cleveref\cleveref.sty)
==> First Aid for cleveref.sty applied!
(paper_cmc.aux)
(C:\Users\10175\AppData\Local\Programs\MiKTeX\tex/latex/cbfonts-fd\lgrcmr.fd)
(C:\Users\10175\AppData\Local\Programs\MiKTeX\tex/latex/libertinust1math\ls1lib
ertinust1math.fd)
(C:\Users\10175\AppData\Local\Programs\MiKTeX\tex/latex/libertinust1math\ls2lib
ertinust1mathsym.fd)
(C:\Users\10175\AppData\Local\Programs\MiKTeX\tex/latex/cyrillic\ot2cmr.fd)
(C:\Users\10175\AppData\Local\Programs\MiKTeX\tex/latex/cyrillic\t2acmr.fd)
(C:\Users\10175\AppData\Local\Programs\MiKTeX\tex/latex/cyrillic\t2bcmr.fd)
(C:\Users\10175\AppData\Local\Programs\MiKTeX\tex/latex/cyrillic\t2ccmr.fd)
(C:\Users\10175\AppData\Local\Programs\MiKTeX\tex/latex/tipa\t3cmr.fd)
(C:\Users\10175\AppData\Local\Programs\MiKTeX\tex/latex/vntex\t5cmr.fd)
(C:\Users\10175\AppData\Local\Programs\MiKTeX\tex/context/base/mkii\supp-pdf.mk
ii
[Loading MPS to PDF converter (version 2006.09.02).]
)
(C:\Users\10175\AppData\Local\Programs\MiKTeX\tex/latex/translations/dicts\tran
slations-basic-dictionary-english.trsl)
*geometry* detected driver: pdftex
(paper_cmc.out) (paper_cmc.out)
(C:\Users\10175\AppData\Local\Programs\MiKTeX\tex/latex/libertinust1math\ls2lib
ertinust1mathex.fd)
(C:\Users\10175\AppData\Local\Programs\MiKTeX\tex/latex/amsfonts\umsa.fd)
(C:\Users\10175\AppData\Local\Programs\MiKTeX\tex/latex/microtype\mt-msa.cfg)
(C:\Users\10175\AppData\Local\Programs\MiKTeX\tex/latex/amsfonts\umsb.fd)
(C:\Users\10175\AppData\Local\Programs\MiKTeX\tex/latex/microtype\mt-msb.cfg)
(C:\Users\10175\AppData\Local\Programs\MiKTeX\tex/latex/libertinust1math\ls1lib
ertinust1mathbb.fd)
(C:\Users\10175\AppData\Local\Programs\MiKTeX\tex/latex/microtype\mt-eur.cfg)
(C:\Users\10175\AppData\Local\Programs\MiKTeX\tex/latex/microtype\mt-cmr.cfg)

pdfTeX warning: pdflatex.exe (file ./Definitions/logo-tsp.pdf): PDF inclusion: 
found PDF version <1.6>, but at most version <1.5> allowed

Package fancyhdr Warning: \headheight is too small (12.0pt): 
(fancyhdr)                Make it at least 38.22325pt, for example:
(fancyhdr)                \setlength{\headheight}{38.22325pt}.
(fancyhdr)                You might also make \topmargin smaller:
(fancyhdr)                \addtolength{\topmargin}{-26.22325pt}.


(C:\Users\10175\AppData\Local\Programs\MiKTeX\tex/latex/libertine\ts1linuxliber
tinet-tlf.fd) [1{C:/Users/10175/AppData/Local/MiKTeX/fonts/map/pdftex/pdftex.ma
p}{C:/Users/10175/AppData/Local/Programs/MiKTeX/fonts/enc/dvips/libertine/lbtn_
76gpa5.enc}{C:/Users/10175/AppData/Local/Programs/MiKTeX/fonts/enc/dvips/libert
ine/lbtn_nh77jq.enc}{C:/Users/10175/AppData/Local/Programs/MiKTeX/fonts/enc/dvi
ps/libertine/lbtn_25tcsq.enc}{C:/Users/10175/AppData/Local/Programs/MiKTeX/font
s/enc/dvips/libertine/lbtn_naooyc.enc} <./Definitions/logo-tsp.pdf>]
(C:\Users\10175\AppData\Local\Programs\MiKTeX\tex/latex/libertine\t1linuxlibert
inemonot-tlf.fd) [2{C:/Users/10175/AppData/Local/Programs/MiKTeX/fonts/enc/dvip
s/libertine/lbtn_7grukw.enc}{C:/Users/10175/AppData/Local/Programs/MiKTeX/fonts
/enc/dvips/libertine/lbtn_dhi6qf.enc}] [3{C:/Users/10175/AppData/Local/Programs
/MiKTeX/fonts/enc/dvips/libertine/lbtn_ki75ao.enc}] [4{C:/Users/10175/AppData/L
ocal/Programs/MiKTeX/fonts/enc/dvips/libertinust1math/libusSYM.enc}] [5{C:/User
s/10175/AppData/Local/Programs/MiKTeX/fonts/enc/dvips/libertinust1math/libusMI.
enc}{C:/Users/10175/AppData/Local/Programs/MiKTeX/fonts/enc/dvips/libertinust1m
ath/libusMR.enc}] [6 <./charts/architecture_diagram_1.png (PNG copy)>] [7]
[8] [9]
Underfull \hbox (badness 1122) in paragraph at lines 206--207
[]\T1/LinuxLibertineT-TLF/m/n/10.95 (+20) The in-tended re-lease pack-age con-t
ains the dataset files, schema, SQLite database, split file,

Underfull \hbox (badness 1178) in paragraph at lines 206--207
\T1/LinuxLibertineT-TLF/m/n/10.95 (+20) an-no-ta-tion pro-to-col, eval-u-a-tor,
 con-di-tion prompts, con-text hashes, pre-dic-tion and score records,
[10 <./charts/pipeline_overview_2.png (PNG copy)>] [11{C:/Users/10175/AppData/L
ocal/Programs/MiKTeX/fonts/enc/dvips/libertinust1math/libusEX.enc}] [12]
[13] [14 <./charts/fig_main_results.png> <./charts/fig_multi_metric.png>]
[15] [16] [17] [18] [19] [20] (paper_cmc.bbl [21] [22]) [23]

enddocument/afterlastpage (AED): lastpage setting LastPage.
(paper_cmc.aux) )
(see the transcript file for additional information)<C:/Users/10175/AppData/Loc
al/Programs/MiKTeX/fonts/type1/public/libertinust1math/LibertinusT1Math.pfb><C:
/Users/10175/AppData/Local/Programs/MiKTeX/fonts/type1/public/libertine/LinBiol
inumT.pfb><C:/Users/10175/AppData/Local/Programs/MiKTeX/fonts/type1/public/libe
rtine/LinLibertineMT.pfb><C:/Users/10175/AppData/Local/Programs/MiKTeX/fonts/ty
pe1/public/libertine/LinLibertineT.pfb><C:/Users/10175/AppData/Local/Programs/M
iKTeX/fonts/type1/public/libertine/LinLibertineTB.pfb><C:/Users/10175/AppData/L
ocal/Programs/MiKTeX/fonts/type1/public/libertine/LinLibertineTBI.pfb><C:/Users
/10175/AppData/Local/Programs/MiKTeX/fonts/type1/public/libertine/LinLibertineT
I.pfb><C:/Users/10175/AppData/Local/Programs/MiKTeX/fonts/type1/public/stix/sti
x-mathcal.pfb>
Output written on paper_cmc.pdf (23 pages, 2978683 bytes).
Transcript written on paper_cmc.log.
pdflatex: major issue: So far, you have not checked for MiKTeX updates.
