This is pdfTeX, Version 3.141592653-2.6-1.40.28 (MiKTeX 25.12) (preloaded format=pdflatex.fmt)
 restricted \write18 enabled.
entering extended mode
(supplementary_cmc.tex
LaTeX2e <2025-11-01>
L3 programming layer <2025-12-24>
(C:\Users\10175\AppData\Local\Programs\MiKTeX\tex/latex/base\article.cls
Document Class: article 2025/01/22 v1.4n Standard LaTeX document class
(C:\Users\10175\AppData\Local\Programs\MiKTeX\tex/latex/base\size11.clo))
(C:\Users\10175\AppData\Local\Programs\MiKTeX\tex/latex/geometry\geometry.sty
(C:\Users\10175\AppData\Local\Programs\MiKTeX\tex/latex/graphics\keyval.sty)
(C:\Users\10175\AppData\Local\Programs\MiKTeX\tex/generic/iftex\ifvtex.sty
(C:\Users\10175\AppData\Local\Programs\MiKTeX\tex/generic/iftex\iftex.sty))
(C:\Users\10175\AppData\Local\Programs\MiKTeX\tex/latex/geometry\geometry.cfg))
(C:\Users\10175\AppData\Local\Programs\MiKTeX\tex/latex/base\inputenc.sty)
(C:\Users\10175\AppData\Local\Programs\MiKTeX\tex/latex/base\fontenc.sty)
(C:\Users\10175\AppData\Local\Programs\MiKTeX\tex/latex/psnfss\mathpazo.sty)
(C:\Users\10175\AppData\Local\Programs\MiKTeX\tex/latex/amsmath\amsmath.sty
For additional information on amsmath, use the `?' option.
(C:\Users\10175\AppData\Local\Programs\MiKTeX\tex/latex/amsmath\amstext.sty
(C:\Users\10175\AppData\Local\Programs\MiKTeX\tex/latex/amsmath\amsgen.sty))
(C:\Users\10175\AppData\Local\Programs\MiKTeX\tex/latex/amsmath\amsbsy.sty)
(C:\Users\10175\AppData\Local\Programs\MiKTeX\tex/latex/amsmath\amsopn.sty))
(C:\Users\10175\AppData\Local\Programs\MiKTeX\tex/latex/amsfonts\amssymb.sty
(C:\Users\10175\AppData\Local\Programs\MiKTeX\tex/latex/amsfonts\amsfonts.sty))
 (C:\Users\10175\AppData\Local\Programs\MiKTeX\tex/latex/graphics\graphicx.sty
(C:\Users\10175\AppData\Local\Programs\MiKTeX\tex/latex/graphics\graphics.sty
(C:\Users\10175\AppData\Local\Programs\MiKTeX\tex/latex/graphics\trig.sty)
(C:\Users\10175\AppData\Local\Programs\MiKTeX\tex/latex/graphics-cfg\graphics.c
fg)
(C:\Users\10175\AppData\Local\Programs\MiKTeX\tex/latex/graphics-def\pdftex.def
)))
(C:\Users\10175\AppData\Local\Programs\MiKTeX\tex/latex/booktabs\booktabs.sty)
(C:\Users\10175\AppData\Local\Programs\MiKTeX\tex/latex/tools\array.sty)
(C:\Users\10175\AppData\Local\Programs\MiKTeX\tex/latex/tools\tabularx.sty)
(C:\Users\10175\AppData\Local\Programs\MiKTeX\tex/latex/adjustbox\adjustbox.sty
(C:\Users\10175\AppData\Local\Programs\MiKTeX\tex/latex/xkeyval\xkeyval.sty
(C:\Users\10175\AppData\Local\Programs\MiKTeX\tex/generic/xkeyval\xkeyval.tex
(C:\Users\10175\AppData\Local\Programs\MiKTeX\tex/generic/xkeyval\xkvutils.tex)
))
(C:\Users\10175\AppData\Local\Programs\MiKTeX\tex/latex/adjustbox\adjcalc.sty)
(C:\Users\10175\AppData\Local\Programs\MiKTeX\tex/latex/adjustbox\trimclip.sty
(C:\Users\10175\AppData\Local\Programs\MiKTeX\tex/latex/collectbox\collectbox.s
ty)
(C:\Users\10175\AppData\Local\Programs\MiKTeX\tex/latex/adjustbox\tc-pdftex.def
))
(C:\Users\10175\AppData\Local\Programs\MiKTeX\tex/latex/ifoddpage\ifoddpage.sty
) (C:\Users\10175\AppData\Local\Programs\MiKTeX\tex/latex/varwidth\varwidth.sty
)
==> First Aid for varwidth.sty applied!
) (C:\Users\10175\AppData\Local\Programs\MiKTeX\tex/latex/url\url.sty)
(C:\Users\10175\AppData\Local\Programs\MiKTeX\tex/latex/hyperref\hyperref.sty
(C:\Users\10175\AppData\Local\Programs\MiKTeX\tex/latex/kvsetkeys\kvsetkeys.sty
)
(C:\Users\10175\AppData\Local\Programs\MiKTeX\tex/generic/kvdefinekeys\kvdefine
keys.sty)
(C:\Users\10175\AppData\Local\Programs\MiKTeX\tex/generic/pdfescape\pdfescape.s
ty
(C:\Users\10175\AppData\Local\Programs\MiKTeX\tex/generic/ltxcmds\ltxcmds.sty)
(C:\Users\10175\AppData\Local\Programs\MiKTeX\tex/generic/pdftexcmds\pdftexcmds
.sty
(C:\Users\10175\AppData\Local\Programs\MiKTeX\tex/generic/infwarerr\infwarerr.s
ty)))
(C:\Users\10175\AppData\Local\Programs\MiKTeX\tex/latex/hycolor\hycolor.sty)
(C:\Users\10175\AppData\Local\Programs\MiKTeX\tex/latex/hyperref\nameref.sty
(C:\Users\10175\AppData\Local\Programs\MiKTeX\tex/latex/refcount\refcount.sty)
(C:\Users\10175\AppData\Local\Programs\MiKTeX\tex/generic/gettitlestring\gettit
lestring.sty
(C:\Users\10175\AppData\Local\Programs\MiKTeX\tex/latex/kvoptions\kvoptions.sty
)))
(C:\Users\10175\AppData\Local\Programs\MiKTeX\tex/latex/etoolbox\etoolbox.sty)
(C:\Users\10175\AppData\Local\Programs\MiKTeX\tex/generic/stringenc\stringenc.s
ty) (C:\Users\10175\AppData\Local\Programs\MiKTeX\tex/latex/hyperref\pd1enc.def
) (C:\Users\10175\AppData\Local\Programs\MiKTeX\tex/generic/intcalc\intcalc.sty
) (C:\Users\10175\AppData\Local\Programs\MiKTeX\tex/latex/hyperref\puenc.def)
(C:\Users\10175\AppData\Local\Programs\MiKTeX\tex/generic/bitset\bitset.sty
(C:\Users\10175\AppData\Local\Programs\MiKTeX\tex/generic/bigintcalc\bigintcalc
.sty)))
(C:\Users\10175\AppData\Local\Programs\MiKTeX\tex/latex/hyperref\hpdftex.def
(C:\Users\10175\AppData\Local\Programs\MiKTeX\tex/latex/rerunfilecheck\rerunfil
echeck.sty
(C:\Users\10175\AppData\Local\Programs\MiKTeX\tex/generic/uniquecounter\uniquec
ounter.sty)))
(C:\Users\10175\AppData\Local\Programs\MiKTeX\tex/latex/psnfss\t1ppl.fd)
(C:\Users\10175\AppData\Local\Programs\MiKTeX\tex/latex/l3backend\l3backend-pdf
tex.def) (supplementary_cmc.aux)
*geometry* driver: auto-detecting
*geometry* detected driver: pdftex

(C:\Users\10175\AppData\Local\Programs\MiKTeX\tex/context/base/mkii\supp-pdf.mk
ii
[Loading MPS to PDF converter (version 2006.09.02).]
)
(C:\Users\10175\AppData\Local\Programs\MiKTeX\tex/latex/epstopdf-pkg\epstopdf-b
ase.sty
(C:\Users\10175\AppData\Local\Programs\MiKTeX\tex/latex/00miktex\epstopdf-sys.c
fg)) (supplementary_cmc.out) (supplementary_cmc.out)
(C:\Users\10175\AppData\Local\Programs\MiKTeX\tex/latex/psnfss\ot1ppl.fd)
(C:\Users\10175\AppData\Local\Programs\MiKTeX\tex/latex/psnfss\omlzplm.fd)
(C:\Users\10175\AppData\Local\Programs\MiKTeX\tex/latex/psnfss\omszplm.fd)
(C:\Users\10175\AppData\Local\Programs\MiKTeX\tex/latex/psnfss\omxzplm.fd)
(C:\Users\10175\AppData\Local\Programs\MiKTeX\tex/latex/psnfss\ot1zplm.fd)
[1{C:/Users/10175/AppData/Local/MiKTeX/fonts/map/pdftex/pdftex.map}{C:/Users/10
175/AppData/Local/Programs/MiKTeX/fonts/enc/dvips/base/8r.enc}] [2] [3]
Underfull \hbox (badness 10000) in paragraph at lines 201--202
 []\T1/ppl/b/n/10.95 Case 3 (re-pair suc-cess and fail-ure on one ques-tion fam
-ily, Q161 ver-sus

Underfull \hbox (badness 6944) in paragraph at lines 201--202
\T1/ppl/b/n/10.95 Q156/Q157/Q158/Q160/Q162).[] \T1/ppl/m/n/10.95 Six test ques-
tions share the tem-plate ``Which work or-

Underfull \hbox (badness 4927) in paragraph at lines 201--202
\T1/ppl/m/n/10.95 ders are as-signed to tech-ni-cian \T1/ppl/m/it/10.95 X\T1/pp
l/m/n/10.95 ?'' The com-pact con-text for these ques-tions se-lects

Underfull \hbox (badness 10000) in paragraph at lines 201--202
\T1/cmtt/m/n/10.95 work_orders(work_order_id, asset_id, assigned_technician_id,
 priority, status) \T1/ppl/m/n/10.95 but

Underfull \hbox (badness 2990) in paragraph at lines 221--221
[]|\T1/ppl/m/n/10 Distinct lo-cal database val-ues are enu-mer-ated for non-ID 
cat-e-gor-i-

Underfull \hbox (badness 1881) in paragraph at lines 337--337
\T1/ppl/m/n/9 the main mech-a-nism gain

Underfull \hbox (badness 10000) in paragraph at lines 337--337
\T1/ppl/m/n/9 un-der the strict answer-

Underfull \hbox (badness 1418) in paragraph at lines 337--337
[]|\T1/ppl/m/n/9 MA-SQLGrid re-duces con-

Underfull \hbox (badness 2221) in paragraph at lines 337--337
[]|\T1/ppl/m/n/9 C5 over C4 is small and not

Underfull \hbox (badness 1755) in paragraph at lines 337--337
\T1/ppl/m/n/9 gen-er-a-tor; only the shape-hint

Underfull \hbox (badness 1253) in paragraph at lines 337--337
[]|\T1/ppl/m/n/9 Value hints add a smaller

Underfull \hbox (badness 1515) in paragraph at lines 337--337
\T1/ppl/m/n/9 provider/extraction fail-ure and

Underfull \hbox (badness 10000) in paragraph at lines 337--337
[]|\T1/ppl/m/n/9 The re-sult is evidence-

Underfull \hbox (badness 10000) in paragraph at lines 337--337
\T1/ppl/m/n/9 faithful and leakage-

Underfull \hbox (badness 2326) in paragraph at lines 337--337
[]|\T1/ppl/m/n/9 900 pre-dic-tions/scores, zero con-tract er-rors,

Underfull \hbox (badness 10000) in paragraph at lines 337--337
[]|\T1/ppl/m/n/9 Does not im-ply pro-duc-tion

Underfull \hbox (badness 10000) in paragraph at lines 337--337
[]|\T1/ppl/m/n/9 Two gen-er-a-tor fam-i-lies only

Underfull \hbox (badness 1314) in paragraph at lines 337--337
\T1/ppl/m/n/9 (one closed, one open-weight);

Underfull \hbox (badness 10000) in paragraph at lines 337--337
\T1/ppl/m/n/9 no per-question cross-model

Underfull \hbox (badness 10000) in paragraph at lines 337--337
\T1/ppl/m/n/9 ple-mented from spec-i-fi-ca-tion

Underfull \hbox (badness 1867) in paragraph at lines 337--337
[]|\T1/ppl/m/n/9 Paired sign tests com-pare per-question out-

Underfull \hbox (badness 1072) in paragraph at lines 337--337
\T1/ppl/m/n/9 multi-seed study ex-ists for the
[4] [5] [6] [7] (supplementary_cmc.aux) )
(see the transcript file for additional information) <C:\Users\10175\AppData\Lo
cal\MiKTeX\fonts/pk/ljfour/jknappen/ec/dpi600\ectt0900.pk> <C:\Users\10175\AppD
ata\Local\MiKTeX\fonts/pk/ljfour/jknappen/ec/dpi600\ectt1095.pk> <C:\Users\1017
5\AppData\Local\MiKTeX\fonts/pk/ljfour/jknappen/ec/dpi600\ectt1000.pk><C:/Users
/10175/AppData/Local/Programs/MiKTeX/fonts/type1/public/amsfonts/cm/cmr10.pfb><
C:/Users/10175/AppData/Local/Programs/MiKTeX/fonts/type1/public/amsfonts/cm/cms
y10.pfb><C:/Users/10175/AppData/Local/Programs/MiKTeX/fonts/type1/urw/palatino/
uplb8a.pfb><C:/Users/10175/AppData/Local/Programs/MiKTeX/fonts/type1/urw/palati
no/uplr8a.pfb><C:/Users/10175/AppData/Local/Programs/MiKTeX/fonts/type1/urw/pal
atino/uplri8a.pfb>
Output written on supplementary_cmc.pdf (7 pages, 129707 bytes).
Transcript written on supplementary_cmc.log.
pdflatex: major issue: So far, you have not checked for MiKTeX updates.
