loading docs...
docs train/dev/test = 8000/1500/1500
loading encoder sentence-transformers/all-MiniLM-L6-v2...
building train examples...
  encoding 8196 sentences, 7478 claims...
building dev examples...
  encoding 1517 sentences, 1386 claims...
building test examples...
  encoding 1610 sentences, 1385 claims...
examples train/dev/test = 8000/1500/1500
epoch 1: train_loss=0.7970 train_f1=0.4982 dev_f1=0.4999 w=[0.6891682147979736, 0.2579408586025238, 0.05289096757769585]
epoch 2: train_loss=0.7404 train_f1=0.5016 dev_f1=0.4985 w=[0.6978156566619873, 0.25197842717170715, 0.050205960869789124]
epoch 3: train_loss=0.7254 train_f1=0.5035 dev_f1=0.5006 w=[0.6989286541938782, 0.2510099411010742, 0.0500614196062088]
epoch 4: train_loss=0.7149 train_f1=0.5041 dev_f1=0.5006 w=[0.6990064382553101, 0.25094354152679443, 0.050050027668476105]
evaluating test...
evaluating dev...
{
  "test_full_f1": 0.4926645387235171,
  "weights": [
    0.6990064382553101,
    0.25094354152679443,
    0.050050027668476105
  ]
}
wrote paper_projects\2026_c2ges_engineeringletters\workspace\w4_c2_five_seed\seed_2030\predicted\summary.json
