loading docs...
docs train/dev/test = 8000/1500/1500
loading encoder sentence-transformers/all-MiniLM-L6-v2...
building train examples...
  encoding 8196 sentences, 7478 claims...
building dev examples...
  encoding 1517 sentences, 1386 claims...
building test examples...
  encoding 1610 sentences, 1385 claims...
examples train/dev/test = 8000/1500/1500
epoch 1: train_loss=0.7894 train_f1=0.4999 dev_f1=0.4966 w=[0.6866068840026855, 0.2605160176753998, 0.05287715047597885]
epoch 2: train_loss=0.7372 train_f1=0.5011 dev_f1=0.4983 w=[0.6967726349830627, 0.25301700830459595, 0.05021039396524429]
epoch 3: train_loss=0.7244 train_f1=0.5020 dev_f1=0.4990 w=[0.6983082294464111, 0.2516269385814667, 0.05006477236747742]
epoch 4: train_loss=0.7158 train_f1=0.5045 dev_f1=0.5004 w=[0.6984731554985046, 0.25147315859794617, 0.05005372315645218]
evaluating test...
evaluating dev...
{
  "test_full_f1": 0.49169115655013484,
  "weights": [
    0.6984731554985046,
    0.25147315859794617,
    0.05005372315645218
  ]
}
wrote paper_projects\2026_c2ges_engineeringletters\workspace\w4_c2_five_seed\seed_2028\oracle\summary.json
