loading docs...
docs train/dev/test = 8000/1500/1500
loading encoder sentence-transformers/all-MiniLM-L6-v2...
building train examples...
  encoding 8196 sentences, 7478 claims...
building dev examples...
  encoding 1517 sentences, 1386 claims...
building test examples...
  encoding 1610 sentences, 1385 claims...
examples train/dev/test = 8000/1500/1500
epoch 1: train_loss=0.7953 train_f1=0.4984 dev_f1=0.4989 w=[0.6886860132217407, 0.25842925906181335, 0.052884675562381744]
epoch 2: train_loss=0.7385 train_f1=0.5016 dev_f1=0.4990 w=[0.6975428462028503, 0.2522502839565277, 0.05020692199468613]
epoch 3: train_loss=0.7240 train_f1=0.5029 dev_f1=0.5000 w=[0.6987113356590271, 0.25122591853141785, 0.050062794238328934]
epoch 4: train_loss=0.7133 train_f1=0.5046 dev_f1=0.5007 w=[0.6986640095710754, 0.25128355622291565, 0.0500524677336216]
evaluating test...
evaluating dev...
{
  "test_full_f1": 0.49199014144323744,
  "weights": [
    0.6986640095710754,
    0.25128355622291565,
    0.0500524677336216
  ]
}
wrote paper_projects\2026_c2ges_engineeringletters\workspace\w4_c2_five_seed\seed_2030\oracle\summary.json
