loading docs...
docs train/dev/test = 8000/1500/1500
loading encoder sentence-transformers/all-MiniLM-L6-v2...
building train examples...
  encoding 8196 sentences, 7478 claims...
building dev examples...
  encoding 1517 sentences, 1386 claims...
building test examples...
  encoding 1610 sentences, 1385 claims...
examples train/dev/test = 8000/1500/1500
epoch 1: train_loss=0.7896 train_f1=0.4982 dev_f1=0.4983 w=[0.6870209574699402, 0.2601626515388489, 0.052816398441791534]
epoch 2: train_loss=0.7352 train_f1=0.5011 dev_f1=0.4991 w=[0.6966370344161987, 0.25315484404563904, 0.050208110362291336]
epoch 3: train_loss=0.7224 train_f1=0.5026 dev_f1=0.4998 w=[0.6980295181274414, 0.25190436840057373, 0.050066106021404266]
epoch 4: train_loss=0.7121 train_f1=0.5046 dev_f1=0.5013 w=[0.6977402567863464, 0.25220271944999695, 0.050057075917720795]
evaluating test...
evaluating dev...
{
  "test_full_f1": 0.4950133454723238,
  "weights": [
    0.6977402567863464,
    0.25220271944999695,
    0.050057075917720795
  ]
}
wrote paper_projects\2026_c2ges_engineeringletters\workspace\w4_c2_five_seed\seed_2027\predicted\summary.json
