loading docs...
docs train/dev/test = 8000/1500/1500
loading encoder sentence-transformers/all-MiniLM-L6-v2...
building train examples...
  encoding 8196 sentences, 7478 claims...
building dev examples...
  encoding 1517 sentences, 1386 claims...
building test examples...
  encoding 1610 sentences, 1385 claims...
examples train/dev/test = 8000/1500/1500
epoch 1: train_loss=0.7903 train_f1=0.4985 dev_f1=0.5015 w=[0.6872497200965881, 0.25987109541893005, 0.0528792142868042]
epoch 2: train_loss=0.7341 train_f1=0.5004 dev_f1=0.4988 w=[0.6966040730476379, 0.2531837821006775, 0.05021219700574875]
epoch 3: train_loss=0.7207 train_f1=0.5024 dev_f1=0.5005 w=[0.6978216171264648, 0.25211101770401, 0.05006738379597664]
epoch 4: train_loss=0.7115 train_f1=0.5041 dev_f1=0.5010 w=[0.6973683834075928, 0.2525728940963745, 0.05005878955125809]
evaluating test...
evaluating dev...
{
  "test_full_f1": 0.4902037735627519,
  "weights": [
    0.6973683834075928,
    0.2525728940963745,
    0.05005878955125809
  ]
}
wrote D:\aicoding\powergrid_benchmark\paper_projects\applied_sciences_dual_rebuild\C2GES\upstream_uncertainty_20260806\formal_run_5x5\runs\up_3103\down_2029\summary.json
