loading docs...
docs train/dev/test = 8000/1500/1500
loading encoder sentence-transformers/all-MiniLM-L6-v2...
building train examples...
  encoding 8196 sentences, 7478 claims...
building dev examples...
  encoding 1517 sentences, 1386 claims...
building test examples...
  encoding 1610 sentences, 1385 claims...
examples train/dev/test = 8000/1500/1500
epoch 1: train_loss=0.7883 train_f1=0.4999 dev_f1=0.5010 w=[0.6865275502204895, 0.2606009840965271, 0.052871476858854294]
epoch 2: train_loss=0.7352 train_f1=0.5010 dev_f1=0.4993 w=[0.6965237855911255, 0.253264844417572, 0.05021136999130249]
epoch 3: train_loss=0.7212 train_f1=0.5021 dev_f1=0.4996 w=[0.6978179216384888, 0.252114862203598, 0.05006718635559082]
epoch 4: train_loss=0.7107 train_f1=0.5047 dev_f1=0.5010 w=[0.6972228288650513, 0.2527180314064026, 0.05005912482738495]
evaluating test...
evaluating dev...
{
  "test_full_f1": 0.49027442883340716,
  "weights": [
    0.6972228288650513,
    0.2527180314064026,
    0.05005912482738495
  ]
}
wrote D:\aicoding\powergrid_benchmark\paper_projects\applied_sciences_dual_rebuild\C2GES\upstream_uncertainty_20260806\formal_run_5x5\runs\up_3104\down_2029\summary.json
