loading docs...
docs train/dev/test = 8000/1500/1500
loading encoder sentence-transformers/all-MiniLM-L6-v2...
building train examples...
  encoding 8196 sentences, 7478 claims...
building dev examples...
  encoding 1517 sentences, 1386 claims...
building test examples...
  encoding 1610 sentences, 1385 claims...
examples train/dev/test = 8000/1500/1500
epoch 1: train_loss=0.8729 train_f1=0.4936 dev_f1=0.4965 w=[0.6953294277191162, 0.25201985239982605, 0.05265074223279953]
epoch 2: train_loss=0.8621 train_f1=0.4928 dev_f1=0.4965 w=[0.699692964553833, 0.25013014674186707, 0.05017692595720291]
epoch 3: train_loss=0.8617 train_f1=0.4928 dev_f1=0.4965 w=[0.6999208927154541, 0.25003811717033386, 0.050040941685438156]
epoch 4: train_loss=0.8617 train_f1=0.4928 dev_f1=0.4965 w=[0.6999529600143433, 0.2500234544277191, 0.05002361163496971]
evaluating test...
evaluating dev...
{
  "test_full_f1": 0.484040858699837,
  "weights": [
    0.6999529600143433,
    0.2500234544277191,
    0.05002361163496971
  ]
}
wrote D:\aicoding\powergrid_benchmark\paper_projects\applied_sciences_dual_rebuild\C2GES\upstream_uncertainty_20260806\formal_run_5x5\runs\up_3102\down_2029\summary.json
