loading docs...
docs train/dev/test = 8000/1500/1500
loading encoder sentence-transformers/all-MiniLM-L6-v2...
building train examples...
  encoding 8196 sentences, 7478 claims...
building dev examples...
  encoding 1517 sentences, 1386 claims...
building test examples...
  encoding 1610 sentences, 1385 claims...
examples train/dev/test = 8000/1500/1500
epoch 1: train_loss=0.8455 train_f1=0.4947 dev_f1=0.4997 w=[0.6942103505134583, 0.253108948469162, 0.05268075689673424]
epoch 2: train_loss=0.7804 train_f1=0.4976 dev_f1=0.4983 w=[0.6994937062263489, 0.25032153725624084, 0.050184786319732666]
epoch 3: train_loss=0.7691 train_f1=0.4991 dev_f1=0.4978 w=[0.6998872756958008, 0.2500675618648529, 0.0500452034175396]
epoch 4: train_loss=0.7639 train_f1=0.5000 dev_f1=0.4998 w=[0.6999422311782837, 0.2500304579734802, 0.05002729222178459]
evaluating test...
evaluating dev...
{
  "test_full_f1": 0.48866075361973194,
  "weights": [
    0.6999422311782837,
    0.2500304579734802,
    0.05002729222178459
  ]
}
wrote D:\aicoding\powergrid_benchmark\paper_projects\applied_sciences_dual_rebuild\C2GES\upstream_uncertainty_20260806\formal_run_5x5\runs\up_3101\down_2026\summary.json
