loading docs...
docs train/dev/test = 8000/1500/1500
loading encoder sentence-transformers/all-MiniLM-L6-v2...
building train examples...
  encoding 8196 sentences, 7478 claims...
building dev examples...
  encoding 1517 sentences, 1386 claims...
building test examples...
  encoding 1610 sentences, 1385 claims...
examples train/dev/test = 8000/1500/1500
epoch 1: train_loss=0.7975 train_f1=0.4971 dev_f1=0.5006 w=[0.6891644597053528, 0.257948100566864, 0.05288750305771828]
epoch 2: train_loss=0.7392 train_f1=0.5018 dev_f1=0.4987 w=[0.697721004486084, 0.2520725429058075, 0.05020647868514061]
epoch 3: train_loss=0.7251 train_f1=0.5027 dev_f1=0.5003 w=[0.6988667249679565, 0.2510714530944824, 0.050061892718076706]
epoch 4: train_loss=0.7139 train_f1=0.5043 dev_f1=0.4998 w=[0.6988760828971863, 0.2510729432106018, 0.050051040947437286]
evaluating test...
evaluating dev...
{
  "test_full_f1": 0.4906075919665703,
  "weights": [
    0.6988760828971863,
    0.2510729432106018,
    0.050051040947437286
  ]
}
wrote D:\aicoding\powergrid_benchmark\paper_projects\applied_sciences_dual_rebuild\C2GES\upstream_uncertainty_20260806\formal_run_5x5\runs\up_3104\down_2030\summary.json
