loading docs...
docs train/dev/test = 8000/1500/1500
loading encoder sentence-transformers/all-MiniLM-L6-v2...
building train examples...
  encoding 8196 sentences, 7478 claims...
building dev examples...
  encoding 1517 sentences, 1386 claims...
building test examples...
  encoding 1610 sentences, 1385 claims...
examples train/dev/test = 8000/1500/1500
epoch 1: train_loss=0.8529 train_f1=0.4948 dev_f1=0.4976 w=[0.6947590112686157, 0.25254276394844055, 0.052698276937007904]
epoch 2: train_loss=0.8257 train_f1=0.4953 dev_f1=0.4969 w=[0.6996413469314575, 0.2501773536205292, 0.05018126219511032]
epoch 3: train_loss=0.8199 train_f1=0.4962 dev_f1=0.4969 w=[0.6999148726463318, 0.25004276633262634, 0.05004238709807396]
epoch 4: train_loss=0.8165 train_f1=0.4968 dev_f1=0.4981 w=[0.6999503374099731, 0.25002485513687134, 0.050024788826704025]
evaluating test...
evaluating dev...
{
  "test_full_f1": 0.4859784729374512,
  "weights": [
    0.6999503374099731,
    0.25002485513687134,
    0.050024788826704025
  ]
}
wrote D:\aicoding\powergrid_benchmark\paper_projects\applied_sciences_dual_rebuild\C2GES\upstream_uncertainty_20260806\formal_run_5x5\runs\up_3101\down_2029\summary.json
