loading docs...
docs train/dev/test = 8000/1500/1500
loading encoder sentence-transformers/all-MiniLM-L6-v2...
building train examples...
  encoding 8196 sentences, 7478 claims...
building dev examples...
  encoding 1517 sentences, 1386 claims...
building test examples...
  encoding 1610 sentences, 1385 claims...
examples train/dev/test = 8000/1500/1500
epoch 1: train_loss=0.8007 train_f1=0.4978 dev_f1=0.5007 w=[0.689743161201477, 0.2573755979537964, 0.05288127809762955]
epoch 2: train_loss=0.7409 train_f1=0.5023 dev_f1=0.4991 w=[0.6979846358299255, 0.2518104910850525, 0.05020495504140854]
epoch 3: train_loss=0.7256 train_f1=0.5025 dev_f1=0.4991 w=[0.699027419090271, 0.2509118318557739, 0.050060734152793884]
epoch 4: train_loss=0.7128 train_f1=0.5049 dev_f1=0.5004 w=[0.6989811658859253, 0.2509687542915344, 0.050050053745508194]
evaluating test...
evaluating dev...
{
  "test_full_f1": 0.4907361731892691,
  "weights": [
    0.6989811658859253,
    0.2509687542915344,
    0.050050053745508194
  ]
}
wrote D:\aicoding\powergrid_benchmark\paper_projects\applied_sciences_dual_rebuild\C2GES\upstream_uncertainty_20260806\formal_run_5x5\runs\up_3101\down_2030\summary.json
