loading docs...
docs train/dev/test = 8000/1500/1500
loading encoder sentence-transformers/all-MiniLM-L6-v2...
building train examples...
  encoding 8196 sentences, 7478 claims...
building dev examples...
  encoding 1517 sentences, 1386 claims...
building test examples...
  encoding 1610 sentences, 1385 claims...
examples train/dev/test = 8000/1500/1500
epoch 1: train_loss=0.7904 train_f1=0.4994 dev_f1=0.4991 w=[0.6868091225624084, 0.2603175640106201, 0.052873287349939346]
epoch 2: train_loss=0.7365 train_f1=0.5016 dev_f1=0.4991 w=[0.6967249512672424, 0.2530641555786133, 0.050210919231176376]
epoch 3: train_loss=0.7231 train_f1=0.5026 dev_f1=0.5007 w=[0.6981679201126099, 0.25176653265953064, 0.050065599381923676]
epoch 4: train_loss=0.7149 train_f1=0.5051 dev_f1=0.5003 w=[0.698250949382782, 0.25169411301612854, 0.050054989755153656]
evaluating test...
evaluating dev...
{
  "test_full_f1": 0.4909531044062004,
  "weights": [
    0.698250949382782,
    0.25169411301612854,
    0.050054989755153656
  ]
}
wrote D:\aicoding\powergrid_benchmark\paper_projects\applied_sciences_dual_rebuild\C2GES\upstream_uncertainty_20260806\formal_run_5x5\runs\up_3102\down_2028\summary.json
