loading docs...
docs train/dev/test = 8000/1500/1500
loading encoder sentence-transformers/all-MiniLM-L6-v2...
building train examples...
  encoding 8196 sentences, 7478 claims...
building dev examples...
  encoding 1517 sentences, 1386 claims...
building test examples...
  encoding 1610 sentences, 1385 claims...
examples train/dev/test = 8000/1500/1500
epoch 1: train_loss=0.7956 train_f1=0.4981 dev_f1=0.4992 w=[0.6887608766555786, 0.2583634853363037, 0.05287562683224678]
epoch 2: train_loss=0.7410 train_f1=0.5012 dev_f1=0.5021 w=[0.6977211833000183, 0.25207313895225525, 0.050205688923597336]
epoch 3: train_loss=0.7264 train_f1=0.5030 dev_f1=0.5021 w=[0.6989262104034424, 0.2510126233100891, 0.0500611886382103]
epoch 4: train_loss=0.7160 train_f1=0.5045 dev_f1=0.4987 w=[0.6990629434585571, 0.2508876323699951, 0.05004948005080223]
evaluating test...
evaluating dev...
{
  "test_full_f1": 0.4924918101449061,
  "weights": [
    0.6990629434585571,
    0.2508876323699951,
    0.05004948005080223
  ]
}
wrote D:\aicoding\powergrid_benchmark\paper_projects\applied_sciences_dual_rebuild\C2GES\upstream_uncertainty_20260806\formal_run_5x5\runs\up_3103\down_2030\summary.json
