loading docs...
docs train/dev/test = 8000/1500/1500
loading encoder sentence-transformers/all-MiniLM-L6-v2...
building train examples...
  encoding 8196 sentences, 7478 claims...
building dev examples...
  encoding 1517 sentences, 1386 claims...
building test examples...
  encoding 1610 sentences, 1385 claims...
examples train/dev/test = 8000/1500/1500
epoch 1: train_loss=0.7900 train_f1=0.5007 dev_f1=0.5009 w=[0.6867256164550781, 0.2603907585144043, 0.052883636206388474]
epoch 2: train_loss=0.7343 train_f1=0.5008 dev_f1=0.4995 w=[0.6964276432991028, 0.25335946679115295, 0.050212908536195755]
epoch 3: train_loss=0.7210 train_f1=0.5021 dev_f1=0.5001 w=[0.6977500319480896, 0.2521825432777405, 0.050067488104104996]
epoch 4: train_loss=0.7115 train_f1=0.5046 dev_f1=0.5002 w=[0.6973026990890503, 0.2526383399963379, 0.05005894601345062]
evaluating test...
evaluating dev...
{
  "test_full_f1": 0.489875889028985,
  "weights": [
    0.6973026990890503,
    0.2526383399963379,
    0.05005894601345062
  ]
}
wrote D:\aicoding\powergrid_benchmark\paper_projects\applied_sciences_dual_rebuild\C2GES\upstream_uncertainty_20260806\formal_run_5x5\runs\up_3103\down_2028\summary.json
