loading docs...
docs train/dev/test = 8000/1500/1500
loading encoder sentence-transformers/all-MiniLM-L6-v2...
building train examples...
  encoding 8196 sentences, 7478 claims...
building dev examples...
  encoding 1517 sentences, 1386 claims...
building test examples...
  encoding 1610 sentences, 1385 claims...
examples train/dev/test = 8000/1500/1500
epoch 1: train_loss=0.7894 train_f1=0.4984 dev_f1=0.4988 w=[0.686943531036377, 0.2602400779724121, 0.05281642824411392]
epoch 2: train_loss=0.7363 train_f1=0.5014 dev_f1=0.4990 w=[0.6967471241950989, 0.25304538011550903, 0.05020749196410179]
epoch 3: train_loss=0.7227 train_f1=0.5034 dev_f1=0.4999 w=[0.6981233358383179, 0.25181102752685547, 0.05006561055779457]
epoch 4: train_loss=0.7141 train_f1=0.5044 dev_f1=0.5013 w=[0.6981119513511658, 0.25183263421058655, 0.05005546659231186]
evaluating test...
evaluating dev...
{
  "test_full_f1": 0.49331958792268393,
  "weights": [
    0.6981119513511658,
    0.25183263421058655,
    0.05005546659231186
  ]
}
wrote D:\aicoding\powergrid_benchmark\paper_projects\applied_sciences_dual_rebuild\C2GES\upstream_uncertainty_20260806\formal_run_5x5\runs\up_3101\down_2027\summary.json
