loading docs...
docs train/dev/test = 8000/1500/1500
loading encoder sentence-transformers/all-MiniLM-L6-v2...
building train examples...
  encoding 8196 sentences, 7478 claims...
building dev examples...
  encoding 1517 sentences, 1386 claims...
building test examples...
  encoding 1610 sentences, 1385 claims...
examples train/dev/test = 8000/1500/1500
epoch 1: train_loss=0.7907 train_f1=0.4985 dev_f1=0.5005 w=[0.687427818775177, 0.2597511410713196, 0.0528210885822773]
epoch 2: train_loss=0.7363 train_f1=0.5018 dev_f1=0.4990 w=[0.6968842148780823, 0.2529083788394928, 0.05020745471119881]
epoch 3: train_loss=0.7232 train_f1=0.5036 dev_f1=0.4998 w=[0.6982539296150208, 0.25168099999427795, 0.05006507784128189]
epoch 4: train_loss=0.7134 train_f1=0.5043 dev_f1=0.5016 w=[0.6981801986694336, 0.2517646253108978, 0.0500551275908947]
evaluating test...
evaluating dev...
{
  "test_full_f1": 0.49017321523219365,
  "weights": [
    0.6981801986694336,
    0.2517646253108978,
    0.0500551275908947
  ]
}
wrote D:\aicoding\powergrid_benchmark\paper_projects\applied_sciences_dual_rebuild\C2GES\upstream_uncertainty_20260806\formal_run_5x5\runs\up_3103\down_2027\summary.json
