loading docs...
docs train/dev/test = 8000/1500/1500
loading encoder sentence-transformers/all-MiniLM-L6-v2...
building train examples...
  encoding 8196 sentences, 7478 claims...
building dev examples...
  encoding 1517 sentences, 1386 claims...
building test examples...
  encoding 1610 sentences, 1385 claims...
examples train/dev/test = 8000/1500/1500
epoch 1: train_loss=0.7920 train_f1=0.4981 dev_f1=0.5000 w=[0.6880368590354919, 0.25917133688926697, 0.05279182642698288]
epoch 2: train_loss=0.7345 train_f1=0.5010 dev_f1=0.4983 w=[0.6969526410102844, 0.25284045934677124, 0.0502069853246212]
epoch 3: train_loss=0.7199 train_f1=0.5030 dev_f1=0.4991 w=[0.6979501843452454, 0.25198307633399963, 0.050066716969013214]
epoch 4: train_loss=0.7100 train_f1=0.5048 dev_f1=0.5009 w=[0.697240948677063, 0.2526998817920685, 0.050059180706739426]
evaluating test...
evaluating dev...
{
  "test_full_f1": 0.4899841968431751,
  "weights": [
    0.697240948677063,
    0.2526998817920685,
    0.050059180706739426
  ]
}
wrote D:\aicoding\powergrid_benchmark\paper_projects\applied_sciences_dual_rebuild\C2GES\upstream_uncertainty_20260806\formal_run_5x5\runs\up_3103\down_2026\summary.json
