loading docs...
docs train/dev/test = 8000/1500/1500
loading encoder sentence-transformers/all-MiniLM-L6-v2...
building train examples...
  encoding 8196 sentences, 7478 claims...
building dev examples...
  encoding 1517 sentences, 1386 claims...
building test examples...
  encoding 1610 sentences, 1385 claims...
examples train/dev/test = 8000/1500/1500
epoch 1: train_loss=0.8052 train_f1=0.4961 dev_f1=0.5006 w=[0.6904852986335754, 0.25664597749710083, 0.05286874994635582]
epoch 2: train_loss=0.7424 train_f1=0.5022 dev_f1=0.4985 w=[0.6982500553131104, 0.2515472173690796, 0.05020279809832573]
epoch 3: train_loss=0.7273 train_f1=0.5030 dev_f1=0.4998 w=[0.6992301344871521, 0.2507111132144928, 0.05005880445241928]
epoch 4: train_loss=0.7175 train_f1=0.5038 dev_f1=0.4998 w=[0.6993942856788635, 0.25055989623069763, 0.05004587769508362]
evaluating test...
evaluating dev...
{
  "test_full_f1": 0.4934425704956664,
  "weights": [
    0.6993942856788635,
    0.25055989623069763,
    0.05004587769508362
  ]
}
wrote D:\aicoding\powergrid_benchmark\paper_projects\applied_sciences_dual_rebuild\C2GES\upstream_uncertainty_20260806\formal_run_5x5\runs\up_3105\down_2030\summary.json
