loading docs...
docs train/dev/test = 8000/1500/1500
loading encoder sentence-transformers/all-MiniLM-L6-v2...
building train examples...
  encoding 8196 sentences, 7478 claims...
building dev examples...
  encoding 1517 sentences, 1386 claims...
building test examples...
  encoding 1610 sentences, 1385 claims...
examples train/dev/test = 8000/1500/1500
epoch 1: train_loss=0.7934 train_f1=0.4986 dev_f1=0.4993 w=[0.6885595321655273, 0.2586624324321747, 0.05277804285287857]
epoch 2: train_loss=0.7367 train_f1=0.5009 dev_f1=0.4991 w=[0.697361171245575, 0.2524343729019165, 0.05020446702837944]
epoch 3: train_loss=0.7214 train_f1=0.5027 dev_f1=0.5007 w=[0.698390781879425, 0.2515447735786438, 0.05006447806954384]
epoch 4: train_loss=0.7110 train_f1=0.5039 dev_f1=0.5001 w=[0.6980167031288147, 0.25192755460739136, 0.05005577951669693]
evaluating test...
evaluating dev...
{
  "test_full_f1": 0.4911132640722424,
  "weights": [
    0.6980167031288147,
    0.25192755460739136,
    0.05005577951669693
  ]
}
wrote D:\aicoding\powergrid_benchmark\paper_projects\applied_sciences_dual_rebuild\C2GES\upstream_uncertainty_20260806\formal_run_5x5\runs\up_3102\down_2026\summary.json
