loading docs...
docs train/dev/test = 8000/1500/1500
loading encoder sentence-transformers/all-MiniLM-L6-v2...
building train examples...
  encoding 8196 sentences, 7478 claims...
building dev examples...
  encoding 1517 sentences, 1386 claims...
building test examples...
  encoding 1610 sentences, 1385 claims...
examples train/dev/test = 8000/1500/1500
epoch 1: train_loss=0.7894 train_f1=0.5001 dev_f1=0.4997 w=[0.6865712404251099, 0.2605484127998352, 0.05288033187389374]
epoch 2: train_loss=0.7366 train_f1=0.5012 dev_f1=0.4991 w=[0.6966776847839355, 0.25311097502708435, 0.050211332738399506]
epoch 3: train_loss=0.7215 train_f1=0.5021 dev_f1=0.5013 w=[0.6979650855064392, 0.25196850299835205, 0.05006643757224083]
epoch 4: train_loss=0.7121 train_f1=0.5049 dev_f1=0.5005 w=[0.6976760625839233, 0.252266526222229, 0.05005738511681557]
evaluating test...
evaluating dev...
{
  "test_full_f1": 0.49091924197233794,
  "weights": [
    0.6976760625839233,
    0.252266526222229,
    0.05005738511681557
  ]
}
wrote D:\aicoding\powergrid_benchmark\paper_projects\applied_sciences_dual_rebuild\C2GES\upstream_uncertainty_20260806\formal_run_5x5\runs\up_3104\down_2028\summary.json
