loading docs...
docs train/dev/test = 8000/1500/1500
loading encoder sentence-transformers/all-MiniLM-L6-v2...
building train examples...
  encoding 8196 sentences, 7478 claims...
building dev examples...
  encoding 1517 sentences, 1386 claims...
building test examples...
  encoding 1610 sentences, 1385 claims...
examples train/dev/test = 8000/1500/1500
epoch 1: train_loss=0.7959 train_f1=0.4979 dev_f1=0.4994 w=[0.6889975070953369, 0.25812405347824097, 0.05287843942642212]
epoch 2: train_loss=0.7406 train_f1=0.5015 dev_f1=0.4979 w=[0.6977701783180237, 0.2520243525505066, 0.050205450505018234]
epoch 3: train_loss=0.7264 train_f1=0.5030 dev_f1=0.5017 w=[0.6989558935165405, 0.2509830892086029, 0.05006096884608269]
epoch 4: train_loss=0.7143 train_f1=0.5048 dev_f1=0.5011 w=[0.6989970207214355, 0.25095316767692566, 0.05004983767867088]
evaluating test...
evaluating dev...
{
  "test_full_f1": 0.49133022858920683,
  "weights": [
    0.6989970207214355,
    0.25095316767692566,
    0.05004983767867088
  ]
}
wrote D:\aicoding\powergrid_benchmark\paper_projects\applied_sciences_dual_rebuild\C2GES\upstream_uncertainty_20260806\formal_run_5x5\runs\up_3102\down_2030\summary.json
