{
  "counts": {
    "train": 8000,
    "dev": 1500,
    "test": 1500
  },
  "metrics": {
    "train": {
      "n": 8000,
      "accuracy": 0.784625,
      "balanced_accuracy": 0.7449050152691508,
      "macro_f1": 0.7470598784540508,
      "confusion_matrix": {
        "labels": [
          "supports",
          "refutes"
        ],
        "values": [
          [
            4680,
            821
          ],
          [
            902,
            1597
          ]
        ]
      }
    },
    "dev": {
      "n": 1500,
      "accuracy": 0.7926666666666666,
      "balanced_accuracy": 0.7590523589457112,
      "macro_f1": 0.761133655064709,
      "confusion_matrix": {
        "labels": [
          "supports",
          "refutes"
        ],
        "values": [
          [
            867,
            148
          ],
          [
            163,
            322
          ]
        ]
      }
    },
    "test": {
      "n": 1500,
      "accuracy": 0.8,
      "balanced_accuracy": 0.7621101917322077,
      "macro_f1": 0.7648411371237458,
      "confusion_matrix": {
        "labels": [
          "supports",
          "refutes"
        ],
        "values": [
          [
            890,
            141
          ],
          [
            159,
            310
          ]
        ]
      }
    },
    "train_prediction_protocol": "StratifiedGroupKFold OOF by underlying_document_id",
    "dev_test_prediction_protocol": "single model fitted only on complete train split"
  },
  "audit": {
    "grouping_key": "underlying_document_id",
    "unique_documents": {
      "train": 745,
      "dev": 141,
      "test": 145
    },
    "pairwise_overlap": {
      "train_vs_dev": {
        "count": 0,
        "document_ids": []
      },
      "train_vs_test": {
        "count": 0,
        "document_ids": []
      },
      "dev_vs_test": {
        "count": 0,
        "document_ids": []
      }
    },
    "overlap_document_count": 0,
    "passed": true
  }
}
