loading docs...
docs train/dev/test = 8000/1500/1500
loading encoder sentence-transformers/all-MiniLM-L6-v2...
building train examples...
  encoding 8196 sentences, 7478 claims...
building dev examples...
  encoding 1517 sentences, 1386 claims...
building test examples...
  encoding 1610 sentences, 1385 claims...
examples train/dev/test = 8000/1500/1500
epoch 1: train_loss=0.7948 train_f1=0.5000 dev_f1=0.4984 w=[0.6882878541946411, 0.25883111357688904, 0.05288108065724373]
epoch 2: train_loss=0.7365 train_f1=0.5015 dev_f1=0.4992 w=[0.6972301602363586, 0.2525600790977478, 0.05020976439118385]
epoch 3: train_loss=0.7205 train_f1=0.5024 dev_f1=0.5002 w=[0.6982539296150208, 0.2516805827617645, 0.0500655323266983]
epoch 4: train_loss=0.7093 train_f1=0.5047 dev_f1=0.5021 w=[0.6976035237312317, 0.252338707447052, 0.05005780607461929]
evaluating test...
evaluating dev...
{
  "test_full_f1": 0.4901360486950271,
  "weights": [
    0.6976035237312317,
    0.252338707447052,
    0.05005780607461929
  ]
}
wrote D:\aicoding\powergrid_benchmark\paper_projects\applied_sciences_dual_rebuild\C2GES\upstream_uncertainty_20260806\formal_run_5x5\runs\up_3105\down_2028\summary.json
