loading docs...
docs train/dev/test = 8000/1500/1500
loading encoder sentence-transformers/all-MiniLM-L6-v2...
building train examples...
  encoding 8196 sentences, 7478 claims...
building dev examples...
  encoding 1517 sentences, 1386 claims...
building test examples...
  encoding 1610 sentences, 1385 claims...
examples train/dev/test = 8000/1500/1500
epoch 1: train_loss=0.8086 train_f1=0.4984 dev_f1=0.5035 w=[0.6910298466682434, 0.2561016380786896, 0.0528685599565506]
epoch 2: train_loss=0.7378 train_f1=0.5017 dev_f1=0.5007 w=[0.6981124877929688, 0.25168129801750183, 0.050206247717142105]
epoch 3: train_loss=0.7230 train_f1=0.5027 dev_f1=0.4999 w=[0.6989832520484924, 0.25095516443252563, 0.050061628222465515]
epoch 4: train_loss=0.7137 train_f1=0.5045 dev_f1=0.5017 w=[0.6989791989326477, 0.25097039341926575, 0.05005042627453804]
evaluating test...
evaluating dev...
{
  "test_full_f1": 0.4891581895171679,
  "weights": [
    0.6989791989326477,
    0.25097039341926575,
    0.05005042627453804
  ]
}
wrote D:\aicoding\powergrid_benchmark\paper_projects\applied_sciences_dual_rebuild\C2GES\upstream_uncertainty_20260806\formal_run_5x5\runs\up_3105\down_2029\summary.json
