loading docs...
docs train/dev/test = 8000/1500/1500
loading encoder sentence-transformers/all-MiniLM-L6-v2...
building train examples...
  encoding 8196 sentences, 7478 claims...
building dev examples...
  encoding 1517 sentences, 1386 claims...
building test examples...
  encoding 1610 sentences, 1385 claims...
examples train/dev/test = 8000/1500/1500
epoch 1: train_loss=0.7896 train_f1=0.4987 dev_f1=0.5002 w=[0.6870849132537842, 0.26009148359298706, 0.05282359570264816]
epoch 2: train_loss=0.7357 train_f1=0.5020 dev_f1=0.4982 w=[0.696733832359314, 0.25305813550949097, 0.050208017230033875]
epoch 3: train_loss=0.7228 train_f1=0.5028 dev_f1=0.5003 w=[0.6981365084648132, 0.2517979145050049, 0.0500655472278595]
epoch 4: train_loss=0.7130 train_f1=0.5045 dev_f1=0.4995 w=[0.6979899406433105, 0.25195416808128357, 0.050055939704179764]
evaluating test...
evaluating dev...
{
  "test_full_f1": 0.4914626813216596,
  "weights": [
    0.6979899406433105,
    0.25195416808128357,
    0.050055939704179764
  ]
}
wrote D:\aicoding\powergrid_benchmark\paper_projects\applied_sciences_dual_rebuild\C2GES\upstream_uncertainty_20260806\formal_run_5x5\runs\up_3105\down_2027\summary.json
