loading docs...
docs train/dev/test = 8000/1500/1500
loading encoder sentence-transformers/all-MiniLM-L6-v2...
building train examples...
  encoding 8196 sentences, 7478 claims...
building dev examples...
  encoding 1517 sentences, 1386 claims...
building test examples...
  encoding 1610 sentences, 1385 claims...
examples train/dev/test = 8000/1500/1500
epoch 1: train_loss=0.7900 train_f1=0.5007 dev_f1=0.4979 w=[0.6867642402648926, 0.2603532075881958, 0.052882637828588486]
epoch 2: train_loss=0.7366 train_f1=0.5020 dev_f1=0.4981 w=[0.6967135667800903, 0.25307497382164, 0.050211500376462936]
epoch 3: train_loss=0.7230 train_f1=0.5026 dev_f1=0.5006 w=[0.6981576681137085, 0.251776784658432, 0.05006558075547218]
epoch 4: train_loss=0.7133 train_f1=0.5054 dev_f1=0.5010 w=[0.6980592012405396, 0.2518850266933441, 0.05005573108792305]
evaluating test...
evaluating dev...
{
  "test_full_f1": 0.49126906382804214,
  "weights": [
    0.6980592012405396,
    0.2518850266933441,
    0.05005573108792305
  ]
}
wrote D:\aicoding\powergrid_benchmark\paper_projects\applied_sciences_dual_rebuild\C2GES\upstream_uncertainty_20260806\formal_run_5x5\runs\up_3101\down_2028\summary.json
