loading docs...
docs train/dev/test = 8000/1500/1500
loading encoder sentence-transformers/all-MiniLM-L6-v2...
building train examples...
  encoding 8196 sentences, 7478 claims...
building dev examples...
  encoding 1517 sentences, 1386 claims...
building test examples...
  encoding 1610 sentences, 1385 claims...
examples train/dev/test = 8000/1500/1500
epoch 1: train_loss=0.8144 train_f1=0.4965 dev_f1=0.4987 w=[0.6922823786735535, 0.255022794008255, 0.05269487947225571]
epoch 2: train_loss=0.7740 train_f1=0.4987 dev_f1=0.4981 w=[0.699284553527832, 0.25052985548973083, 0.050185542553663254]
epoch 3: train_loss=0.7655 train_f1=0.4997 dev_f1=0.4974 w=[0.6998575329780579, 0.2500959634780884, 0.050046488642692566]
epoch 4: train_loss=0.7598 train_f1=0.4998 dev_f1=0.4982 w=[0.699936032295227, 0.25003552436828613, 0.050028420984745026]
evaluating test...
evaluating dev...
{
  "test_full_f1": 0.4922987674577458,
  "weights": [
    0.699936032295227,
    0.25003552436828613,
    0.050028420984745026
  ]
}
wrote D:\aicoding\powergrid_benchmark\paper_projects\applied_sciences_dual_rebuild\C2GES\upstream_uncertainty_20260806\formal_run_5x5\runs\up_3105\down_2026\summary.json
