loading docs...
docs train/dev/test = 8000/1500/1500
loading encoder sentence-transformers/all-MiniLM-L6-v2...
building train examples...
  encoding 8196 sentences, 7478 claims...
building dev examples...
  encoding 1517 sentences, 1386 claims...
building test examples...
  encoding 1610 sentences, 1385 claims...
examples train/dev/test = 8000/1500/1500
epoch 1: train_loss=0.7911 train_f1=0.4991 dev_f1=0.5008 w=[0.6877663731575012, 0.25945228338241577, 0.0527813583612442]
epoch 2: train_loss=0.7366 train_f1=0.5009 dev_f1=0.5015 w=[0.6970627903938293, 0.2527313530445099, 0.05020587146282196]
epoch 3: train_loss=0.7217 train_f1=0.5032 dev_f1=0.5016 w=[0.6982266902923584, 0.2517080307006836, 0.05006525292992592]
epoch 4: train_loss=0.7109 train_f1=0.5048 dev_f1=0.5015 w=[0.6977775692939758, 0.25216561555862427, 0.050056882202625275]
evaluating test...
evaluating dev...
{
  "test_full_f1": 0.49056572642470475,
  "weights": [
    0.6977775692939758,
    0.25216561555862427,
    0.050056882202625275
  ]
}
wrote D:\aicoding\powergrid_benchmark\paper_projects\applied_sciences_dual_rebuild\C2GES\upstream_uncertainty_20260806\formal_run_5x5\runs\up_3104\down_2026\summary.json
