loading docs...
docs train/dev/test = 8000/1500/1500
loading encoder sentence-transformers/all-MiniLM-L6-v2...
building train examples...
  encoding 8196 sentences, 7478 claims...
building dev examples...
  encoding 1517 sentences, 1386 claims...
building test examples...
  encoding 1610 sentences, 1385 claims...
examples train/dev/test = 8000/1500/1500
epoch 1: train_loss=0.7899 train_f1=0.4983 dev_f1=0.4993 w=[0.6872270703315735, 0.2599559426307678, 0.05281706154346466]
epoch 2: train_loss=0.7374 train_f1=0.5017 dev_f1=0.4996 w=[0.6969518065452576, 0.2528418004512787, 0.05020642653107643]
epoch 3: train_loss=0.7228 train_f1=0.5023 dev_f1=0.5008 w=[0.6982646584510803, 0.2516705393791199, 0.05006485804915428]
epoch 4: train_loss=0.7114 train_f1=0.5034 dev_f1=0.5021 w=[0.6979301571846008, 0.2520138621330261, 0.050056006759405136]
evaluating test...
evaluating dev...
{
  "test_full_f1": 0.4939708342798126,
  "weights": [
    0.6979301571846008,
    0.2520138621330261,
    0.050056006759405136
  ]
}
wrote D:\aicoding\powergrid_benchmark\paper_projects\applied_sciences_dual_rebuild\C2GES\upstream_uncertainty_20260806\formal_run_5x5\runs\up_3104\down_2027\summary.json
