loading docs...
docs train/dev/test = 8000/1500/1500
loading encoder sentence-transformers/all-MiniLM-L6-v2...
building train examples...
  encoding 8196 sentences, 7478 claims...
building dev examples...
  encoding 1517 sentences, 1386 claims...
building test examples...
  encoding 1610 sentences, 1385 claims...
examples train/dev/test = 8000/1500/1500
epoch 1: train_loss=0.7902 train_f1=0.4981 dev_f1=0.4983 w=[0.6872852444648743, 0.25989362597465515, 0.05282113701105118]
epoch 2: train_loss=0.7356 train_f1=0.5010 dev_f1=0.5001 w=[0.6967682242393494, 0.25302380323410034, 0.050208061933517456]
epoch 3: train_loss=0.7214 train_f1=0.5026 dev_f1=0.5013 w=[0.6980131268501282, 0.2519206702709198, 0.05006622150540352]
epoch 4: train_loss=0.7102 train_f1=0.5051 dev_f1=0.5013 w=[0.697399914264679, 0.25254184007644653, 0.050058308988809586]
evaluating test...
evaluating dev...
{
  "test_full_f1": 0.4920086599617559,
  "weights": [
    0.697399914264679,
    0.25254184007644653,
    0.050058308988809586
  ]
}
wrote D:\aicoding\powergrid_benchmark\paper_projects\applied_sciences_dual_rebuild\C2GES\upstream_uncertainty_20260806\formal_run_5x5\runs\up_3102\down_2027\summary.json
