loading docs...
docs train/dev/test = 8000/1500/1500
loading encoder sentence-transformers/all-MiniLM-L6-v2...
building train examples...
  encoding 8196 sentences, 7478 claims...
building dev examples...
  encoding 1517 sentences, 1386 claims...
building test examples...
  encoding 1610 sentences, 1385 claims...
examples train/dev/test = 8000/1500/1500
epoch 1: train_loss=0.7923 train_f1=0.4995 dev_f1=0.4970 w=[0.6879569888114929, 0.2592534124851227, 0.05278957635164261]
epoch 2: train_loss=0.7354 train_f1=0.5005 dev_f1=0.5000 w=[0.6970518827438354, 0.2527417540550232, 0.050206393003463745]
epoch 3: train_loss=0.7217 train_f1=0.5037 dev_f1=0.5000 w=[0.6982304453849792, 0.25170424580574036, 0.0500652939081192]
epoch 4: train_loss=0.7105 train_f1=0.5049 dev_f1=0.5008 w=[0.6977261304855347, 0.25221678614616394, 0.050057120621204376]
evaluating test...
evaluating dev...
{
  "test_full_f1": 0.4910269392859176,
  "weights": [
    0.6977261304855347,
    0.25221678614616394,
    0.050057120621204376
  ]
}
wrote paper_projects\2026_c2ges_engineeringletters\workspace\w3_c2_pilot\full_8000_1500_1500\oracle\summary.json
