loading docs...
docs train/dev/test = 8000/1500/1500
loading encoder sentence-transformers/all-MiniLM-L6-v2...
building train examples...
  encoding 8196 sentences, 7478 claims...
building dev examples...
  encoding 1517 sentences, 1386 claims...
building test examples...
  encoding 1610 sentences, 1385 claims...
examples train/dev/test = 8000/1500/1500
epoch 1: train_loss=0.7838 train_f1=0.4992 dev_f1=0.5001 w=[0.6856737732887268, 0.26153892278671265, 0.052787382155656815]
epoch 2: train_loss=0.7334 train_f1=0.5017 dev_f1=0.4990 w=[0.6960499882698059, 0.253741055727005, 0.05020896717905998]
epoch 3: train_loss=0.7202 train_f1=0.5022 dev_f1=0.4997 w=[0.6973878741264343, 0.25254395604133606, 0.05006822198629379]
epoch 4: train_loss=0.7100 train_f1=0.5050 dev_f1=0.5027 w=[0.6964632272720337, 0.2534756660461426, 0.05006109178066254]
evaluating test...
evaluating dev...
{
  "test_full_f1": 0.4913884777474561,
  "weights": [
    0.6964632272720337,
    0.2534756660461426,
    0.05006109178066254
  ]
}
wrote paper_projects\2026_c2ges_engineeringletters\workspace\w3_c2_pilot\full_8000_1500_1500\label_blind\summary.json
