loading docs...
docs train/dev/test = 2000/500/500
loading encoder sentence-transformers/all-MiniLM-L6-v2...
building train examples...
  encoding 6078 sentences, 1935 claims...
building dev examples...
  encoding 1153 sentences, 470 claims...
building test examples...
  encoding 1251 sentences, 478 claims...
examples train/dev/test = 2000/500/500
epoch 1: train_loss=0.8728 train_f1=0.4858 dev_f1=0.4922 w=[0.6166903972625732, 0.29650986194610596, 0.08679977804422379]
epoch 2: train_loss=0.7891 train_f1=0.4907 dev_f1=0.4923 w=[0.6617394089698792, 0.27387121319770813, 0.06438934057950974]
epoch 3: train_loss=0.7627 train_f1=0.4955 dev_f1=0.4927 w=[0.6791657209396362, 0.2646119296550751, 0.05622231587767601]
epoch 4: train_loss=0.7469 train_f1=0.4973 dev_f1=0.4899 w=[0.6870073080062866, 0.26009565591812134, 0.05289703607559204]
evaluating test...
evaluating dev...
{
  "test_full_f1": 0.5033322713921785,
  "weights": [
    0.6870073080062866,
    0.26009565591812134,
    0.05289703607559204
  ]
}
wrote paper_projects\2026_c2ges_engineeringletters\workspace\w3_c2_pilot\cost_2000_500_500\oracle\summary.json
