loading docs...
docs train/dev/test = 8000/1500/1500
loading encoder sentence-transformers/all-MiniLM-L6-v2...
building train examples...
  encoding 8196 sentences, 7478 claims...
building dev examples...
  encoding 1517 sentences, 1386 claims...
building test examples...
  encoding 1610 sentences, 1385 claims...
examples train/dev/test = 8000/1500/1500
epoch 1: train_loss=0.7758 train_f1=0.4961 dev_f1=0.4960 w=[0.9438445568084717, 0.04694134742021561, 0.009214131161570549]
epoch 2: train_loss=0.7191 train_f1=0.4929 dev_f1=0.4956 w=[0.9666458368301392, 0.0326073057949543, 0.0007468446274287999]
epoch 3: train_loss=0.7103 train_f1=0.4932 dev_f1=0.4955 w=[0.9490277171134949, 0.05070372670888901, 0.0002686274820007384]
epoch 4: train_loss=0.7042 train_f1=0.4961 dev_f1=0.4984 w=[0.8871258497238159, 0.11260388046503067, 0.00027028360636904836]
evaluating test...
evaluating dev...
{
  "test_full_f1": 0.4859418688008471,
  "weights": [
    0.8871258497238159,
    0.11260388046503067,
    0.00027028360636904836
  ]
}
wrote D:\aicoding\powergrid_benchmark\paper_projects\applied_sciences_dual_rebuild\C2GES\addon_round3\runs\true_no_floor\seed_2028\summary.json
