loading docs...
docs train/dev/test = 8000/1500/1500
loading encoder sentence-transformers/all-MiniLM-L6-v2...
building train examples...
  encoding 8196 sentences, 7478 claims...
building dev examples...
  encoding 1517 sentences, 1386 claims...
building test examples...
  encoding 1610 sentences, 1385 claims...
examples train/dev/test = 8000/1500/1500
epoch 1: train_loss=0.7730 train_f1=0.4968 dev_f1=0.4961 w=[0.9437569379806519, 0.047387074679136276, 0.008855980820953846]
epoch 2: train_loss=0.7193 train_f1=0.4926 dev_f1=0.4952 w=[0.967660665512085, 0.031615450978279114, 0.000723889737855643]
epoch 3: train_loss=0.7093 train_f1=0.4930 dev_f1=0.4962 w=[0.9465051889419556, 0.05322698503732681, 0.00026785413501784205]
epoch 4: train_loss=0.6999 train_f1=0.4967 dev_f1=0.4986 w=[0.8437979221343994, 0.1559182107448578, 0.00028389543876983225]
evaluating test...
evaluating dev...
{
  "test_full_f1": 0.4885095122684906,
  "weights": [
    0.8437979221343994,
    0.1559182107448578,
    0.00028389543876983225
  ]
}
wrote D:\aicoding\powergrid_benchmark\paper_projects\applied_sciences_dual_rebuild\C2GES\addon_round3\runs\true_no_floor\seed_2026\summary.json
