loading docs...
docs train/dev/test = 8000/1500/1500
loading encoder sentence-transformers/all-MiniLM-L6-v2...
building train examples...
  encoding 8196 sentences, 7478 claims...
building dev examples...
  encoding 1517 sentences, 1386 claims...
building test examples...
  encoding 1610 sentences, 1385 claims...
examples train/dev/test = 8000/1500/1500
epoch 1: train_loss=0.7845 train_f1=0.5011 dev_f1=0.5003 w=[0.6846964955329895, 0.262405127286911, 0.05289841443300247]
epoch 2: train_loss=0.7327 train_f1=0.5022 dev_f1=0.4995 w=[0.6954566240310669, 0.2543272078037262, 0.05021616816520691]
epoch 3: train_loss=0.7201 train_f1=0.5025 dev_f1=0.4993 w=[0.6969388127326965, 0.2529911398887634, 0.050070103257894516]
epoch 4: train_loss=0.7124 train_f1=0.5044 dev_f1=0.5018 w=[0.6965299248695374, 0.2534087002277374, 0.05006134882569313]
evaluating test...
evaluating dev...
{
  "test_full_f1": 0.48835205121102954,
  "weights": [
    0.6965299248695374,
    0.2534087002277374,
    0.05006134882569313
  ]
}
wrote paper_projects\2026_c2ges_engineeringletters\workspace\w4_c2_five_seed\seed_2028\label_blind\summary.json
