loading docs...
docs train/dev/test = 8000/1500/1500
loading encoder sentence-transformers/all-MiniLM-L6-v2...
building train examples...
  encoding 8196 sentences, 7478 claims...
building dev examples...
  encoding 1517 sentences, 1386 claims...
building test examples...
  encoding 1610 sentences, 1385 claims...
examples train/dev/test = 8000/1500/1500
epoch 1: train_loss=0.4891 train_f1=0.4935 dev_f1=0.4964 w=[0.9436651468276978, 0.0, 0.05633482709527016]
epoch 2: train_loss=0.4768 train_f1=0.4924 dev_f1=0.4962 w=[0.949583113193512, 0.0, 0.05041690915822983]
epoch 3: train_loss=0.4764 train_f1=0.4924 dev_f1=0.4962 w=[0.9499144554138184, 0.0, 0.050085537135601044]
epoch 4: train_loss=0.4764 train_f1=0.4924 dev_f1=0.4962 w=[0.9499526023864746, 0.0, 0.05004739388823509]
evaluating test...
evaluating dev...
{
  "test_full_f1": 0.48303345129242964,
  "weights": [
    0.9499526023864746,
    0.0,
    0.05004739388823509
  ]
}
wrote D:\aicoding\powergrid_benchmark\paper_projects\applied_sciences_dual_rebuild\C2GES\addon_round3\runs\true_no_role\seed_2029\summary.json
