This is pdfTeX, Version 3.141592653-2.6-1.40.28 (MiKTeX 25.12) (preloaded format=pdflatex.fmt)
 restricted \write18 enabled.
entering extended mode
(paper_cmc.tex
LaTeX2e <2025-11-01>
L3 programming layer <2025-12-24>
(Definitions/tsp.cls
Document Class: Definitions/tsp 05/01/2026 TSP paper class
(C:\Users\10175\AppData\Local\Programs\MiKTeX\tex/latex/base\article.cls
Document Class: article 2025/01/22 v1.4n Standard LaTeX document class
(C:\Users\10175\AppData\Local\Programs\MiKTeX\tex/latex/base\size11.clo))
(C:\Users\10175\AppData\Local\Programs\MiKTeX\tex/latex/base\fontenc.sty)
(C:\Users\10175\AppData\Local\Programs\MiKTeX\tex/latex/base\inputenc.sty)
(C:\Users\10175\AppData\Local\Programs\MiKTeX\tex/latex/tools\calc.sty)
(C:\Users\10175\AppData\Local\Programs\MiKTeX\tex/latex/textgreek\textgreek.sty

(C:\Users\10175\AppData\Local\Programs\MiKTeX\tex/latex/greek-fontenc\lgrenc.de
f
(C:\Users\10175\AppData\Local\Programs\MiKTeX\tex/latex/greek-inputenc\lgrenc.d
fu)
(C:\Users\10175\AppData\Local\Programs\MiKTeX\tex/latex/greek-fontenc\greek-fon
tenc.def)))
(C:\Users\10175\AppData\Local\Programs\MiKTeX\tex/latex/tools\indentfirst.sty)
(C:\Users\10175\AppData\Local\Programs\MiKTeX\tex/latex/fancyhdr\fancyhdr.sty)
(C:\Users\10175\AppData\Local\Programs\MiKTeX\tex/latex/graphics\graphicx.sty
(C:\Users\10175\AppData\Local\Programs\MiKTeX\tex/latex/graphics\keyval.sty)
(C:\Users\10175\AppData\Local\Programs\MiKTeX\tex/latex/graphics\graphics.sty
(C:\Users\10175\AppData\Local\Programs\MiKTeX\tex/latex/graphics\trig.sty)
(C:\Users\10175\AppData\Local\Programs\MiKTeX\tex/latex/graphics-cfg\graphics.c
fg)
(C:\Users\10175\AppData\Local\Programs\MiKTeX\tex/latex/graphics-def\pdftex.def
)))
(C:\Users\10175\AppData\Local\Programs\MiKTeX\tex/latex/epstopdf-pkg\epstopdf.s
ty
(C:\Users\10175\AppData\Local\Programs\MiKTeX\tex/generic/infwarerr\infwarerr.s
ty) (C:\Users\10175\AppData\Local\Programs\MiKTeX\tex/latex/grfext\grfext.sty
(C:\Users\10175\AppData\Local\Programs\MiKTeX\tex/generic/kvdefinekeys\kvdefine
keys.sty))
(C:\Users\10175\AppData\Local\Programs\MiKTeX\tex/latex/kvoptions\kvoptions.sty
(C:\Users\10175\AppData\Local\Programs\MiKTeX\tex/generic/ltxcmds\ltxcmds.sty)
(C:\Users\10175\AppData\Local\Programs\MiKTeX\tex/latex/kvsetkeys\kvsetkeys.sty
))
(C:\Users\10175\AppData\Local\Programs\MiKTeX\tex/generic/pdftexcmds\pdftexcmds
.sty (C:\Users\10175\AppData\Local\Programs\MiKTeX\tex/generic/iftex\iftex.sty)
)
(C:\Users\10175\AppData\Local\Programs\MiKTeX\tex/latex/epstopdf-pkg\epstopdf-b
ase.sty
(C:\Users\10175\AppData\Local\Programs\MiKTeX\tex/latex/00miktex\epstopdf-sys.c
fg)))
(C:\Users\10175\AppData\Local\Programs\MiKTeX\tex/latex/lastpage\lastpage.sty
(C:\Users\10175\AppData\Local\Programs\MiKTeX\tex/latex/lastpage\lastpage2e.sty

(C:\Users\10175\AppData\Local\Programs\MiKTeX\tex/latex/lastpage\lastpagemodern
.sty) 
)) (C:\Users\10175\AppData\Local\Programs\MiKTeX\tex/latex/base\ifthen.sty)
(C:\Users\10175\AppData\Local\Programs\MiKTeX\tex/latex/lineno\lineno.sty
(C:\Users\10175\AppData\Local\Programs\MiKTeX\tex/latex/etoolbox\etoolbox.sty))
 (C:\Users\10175\AppData\Local\Programs\MiKTeX\tex/latex/float\float.sty)
(C:\Users\10175\AppData\Local\Programs\MiKTeX\tex/latex/amsmath\amsmath.sty
For additional information on amsmath, use the `?' option.
(C:\Users\10175\AppData\Local\Programs\MiKTeX\tex/latex/amsmath\amstext.sty
(C:\Users\10175\AppData\Local\Programs\MiKTeX\tex/latex/amsmath\amsgen.sty))
(C:\Users\10175\AppData\Local\Programs\MiKTeX\tex/latex/amsmath\amsbsy.sty)
(C:\Users\10175\AppData\Local\Programs\MiKTeX\tex/latex/amsmath\amsopn.sty))
(C:\Users\10175\AppData\Local\Programs\MiKTeX\tex/latex/amsfonts\amssymb.sty
(C:\Users\10175\AppData\Local\Programs\MiKTeX\tex/latex/amsfonts\amsfonts.sty))
 (C:\Users\10175\AppData\Local\Programs\MiKTeX\tex/latex/setspace\setspace.sty)
 (C:\Users\10175\AppData\Local\Programs\MiKTeX\tex/latex/enumitem\enumitem.sty)

(C:\Users\10175\AppData\Local\Programs\MiKTeX\tex/latex/libertine\libertine.sty
(C:\Users\10175\AppData\Local\Programs\MiKTeX\tex/generic/iftex\ifxetex.sty)
(C:\Users\10175\AppData\Local\Programs\MiKTeX\tex/generic/iftex\ifluatex.sty)
(C:\Users\10175\AppData\Local\Programs\MiKTeX\tex/latex/xkeyval\xkeyval.sty
(C:\Users\10175\AppData\Local\Programs\MiKTeX\tex/generic/xkeyval\xkeyval.tex
(C:\Users\10175\AppData\Local\Programs\MiKTeX\tex/generic/xkeyval\xkvutils.tex)
)) (C:\Users\10175\AppData\Local\Programs\MiKTeX\tex/latex/base\textcomp.sty)
(C:\Users\10175\AppData\Local\Programs\MiKTeX\tex/latex/base\fontenc.sty)
(C:\Users\10175\AppData\Local\Programs\MiKTeX\tex/latex/fontaxes\fontaxes.sty
(C:\Users\10175\AppData\Local\Programs\MiKTeX\tex/latex/figureversions\figureve
rsions.sty))
(C:\Users\10175\AppData\Local\Programs\MiKTeX\tex/latex/libertine\LinLibertine_
I.tex))
(C:\Users\10175\AppData\Local\Programs\MiKTeX\tex/latex/libertinust1math\libert
inust1math.sty
amsthm NOT loaded
) (C:\Users\10175\AppData\Local\Programs\MiKTeX\tex/latex/booktabs\booktabs.sty
) (C:\Users\10175\AppData\Local\Programs\MiKTeX\tex/latex/titlesec\titlesec.sty
) (C:\Users\10175\AppData\Local\Programs\MiKTeX\tex/latex/xcolor\xcolor.sty
(C:\Users\10175\AppData\Local\Programs\MiKTeX\tex/latex/graphics-cfg\color.cfg)
(C:\Users\10175\AppData\Local\Programs\MiKTeX\tex/latex/graphics\mathcolor.ltx)
) (C:\Users\10175\AppData\Local\Programs\MiKTeX\tex/latex/colortbl\colortbl.sty
(C:\Users\10175\AppData\Local\Programs\MiKTeX\tex/latex/tools\array.sty))
(C:\Users\10175\AppData\Local\Programs\MiKTeX\tex/generic/soul\soul.sty
(C:\Users\10175\AppData\Local\Programs\MiKTeX\tex/generic/soul\soul-ori.sty)
(C:\Users\10175\AppData\Local\Programs\MiKTeX\tex/generic/etexcmds\etexcmds.sty
))
(C:\Users\10175\AppData\Local\Programs\MiKTeX\tex/latex/multirow\multirow.sty)
(C:\Users\10175\AppData\Local\Programs\MiKTeX\tex/latex/microtype\microtype.sty

(C:\Users\10175\AppData\Local\Programs\MiKTeX\tex/latex/microtype\microtype-pdf
tex.def)
(C:\Users\10175\AppData\Local\Programs\MiKTeX\tex/latex/microtype\microtype.cfg
))
(C:\Users\10175\AppData\Local\Programs\MiKTeX\tex/latex/pgf/frontendlayer\tikz.
sty
(C:\Users\10175\AppData\Local\Programs\MiKTeX\tex/latex/pgf/basiclayer\pgf.sty
(C:\Users\10175\AppData\Local\Programs\MiKTeX\tex/latex/pgf/utilities\pgfrcs.st
y
(C:\Users\10175\AppData\Local\Programs\MiKTeX\tex/generic/pgf/utilities\pgfutil
-common.tex)
(C:\Users\10175\AppData\Local\Programs\MiKTeX\tex/generic/pgf/utilities\pgfutil
-latex.def)
(C:\Users\10175\AppData\Local\Programs\MiKTeX\tex/generic/pgf/utilities\pgfrcs.
code.tex
(C:\Users\10175\AppData\Local\Programs\MiKTeX\tex/generic/pgf\pgf.revision.tex)
))
(C:\Users\10175\AppData\Local\Programs\MiKTeX\tex/latex/pgf/basiclayer\pgfcore.
sty
(C:\Users\10175\AppData\Local\Programs\MiKTeX\tex/latex/pgf/systemlayer\pgfsys.
sty
(C:\Users\10175\AppData\Local\Programs\MiKTeX\tex/generic/pgf/systemlayer\pgfsy
s.code.tex
(C:\Users\10175\AppData\Local\Programs\MiKTeX\tex/generic/pgf/utilities\pgfkeys
.code.tex
(C:\Users\10175\AppData\Local\Programs\MiKTeX\tex/generic/pgf/utilities\pgfkeys
libraryfiltered.code.tex))
(C:\Users\10175\AppData\Local\Programs\MiKTeX\tex/generic/pgf/systemlayer\pgf.c
fg)
(C:\Users\10175\AppData\Local\Programs\MiKTeX\tex/generic/pgf/systemlayer\pgfsy
s-pdftex.def
(C:\Users\10175\AppData\Local\Programs\MiKTeX\tex/generic/pgf/systemlayer\pgfsy
s-common-pdf.def)))
(C:\Users\10175\AppData\Local\Programs\MiKTeX\tex/generic/pgf/systemlayer\pgfsy
ssoftpath.code.tex)
(C:\Users\10175\AppData\Local\Programs\MiKTeX\tex/generic/pgf/systemlayer\pgfsy
sprotocol.code.tex))
(C:\Users\10175\AppData\Local\Programs\MiKTeX\tex/generic/pgf/basiclayer\pgfcor
e.code.tex
(C:\Users\10175\AppData\Local\Programs\MiKTeX\tex/generic/pgf/math\pgfmath.code
.tex
(C:\Users\10175\AppData\Local\Programs\MiKTeX\tex/generic/pgf/math\pgfmathutil.
code.tex)
(C:\Users\10175\AppData\Local\Programs\MiKTeX\tex/generic/pgf/math\pgfmathparse
r.code.tex)
(C:\Users\10175\AppData\Local\Programs\MiKTeX\tex/generic/pgf/math\pgfmathfunct
ions.code.tex)
(C:\Users\10175\AppData\Local\Programs\MiKTeX\tex/generic/pgf/math\pgfmathfunct
ions.basic.code.tex)
(C:\Users\10175\AppData\Local\Programs\MiKTeX\tex/generic/pgf/math\pgfmathfunct
ions.trigonometric.code.tex)
(C:\Users\10175\AppData\Local\Programs\MiKTeX\tex/generic/pgf/math\pgfmathfunct
ions.random.code.tex)
(C:\Users\10175\AppData\Local\Programs\MiKTeX\tex/generic/pgf/math\pgfmathfunct
ions.comparison.code.tex)
(C:\Users\10175\AppData\Local\Programs\MiKTeX\tex/generic/pgf/math\pgfmathfunct
ions.base.code.tex)
(C:\Users\10175\AppData\Local\Programs\MiKTeX\tex/generic/pgf/math\pgfmathfunct
ions.round.code.tex)
(C:\Users\10175\AppData\Local\Programs\MiKTeX\tex/generic/pgf/math\pgfmathfunct
ions.misc.code.tex)
(C:\Users\10175\AppData\Local\Programs\MiKTeX\tex/generic/pgf/math\pgfmathfunct
ions.integerarithmetics.code.tex)
(C:\Users\10175\AppData\Local\Programs\MiKTeX\tex/generic/pgf/math\pgfmathcalc.
code.tex)
(C:\Users\10175\AppData\Local\Programs\MiKTeX\tex/generic/pgf/math\pgfmathfloat
.code.tex))
(C:\Users\10175\AppData\Local\Programs\MiKTeX\tex/generic/pgf/math\pgfint.code.
tex)
(C:\Users\10175\AppData\Local\Programs\MiKTeX\tex/generic/pgf/basiclayer\pgfcor
epoints.code.tex)
(C:\Users\10175\AppData\Local\Programs\MiKTeX\tex/generic/pgf/basiclayer\pgfcor
epathconstruct.code.tex)
(C:\Users\10175\AppData\Local\Programs\MiKTeX\tex/generic/pgf/basiclayer\pgfcor
epathusage.code.tex)
(C:\Users\10175\AppData\Local\Programs\MiKTeX\tex/generic/pgf/basiclayer\pgfcor
escopes.code.tex)
(C:\Users\10175\AppData\Local\Programs\MiKTeX\tex/generic/pgf/basiclayer\pgfcor
egraphicstate.code.tex)
(C:\Users\10175\AppData\Local\Programs\MiKTeX\tex/generic/pgf/basiclayer\pgfcor
etransformations.code.tex)
(C:\Users\10175\AppData\Local\Programs\MiKTeX\tex/generic/pgf/basiclayer\pgfcor
equick.code.tex)
(C:\Users\10175\AppData\Local\Programs\MiKTeX\tex/generic/pgf/basiclayer\pgfcor
eobjects.code.tex)
(C:\Users\10175\AppData\Local\Programs\MiKTeX\tex/generic/pgf/basiclayer\pgfcor
epathprocessing.code.tex)
(C:\Users\10175\AppData\Local\Programs\MiKTeX\tex/generic/pgf/basiclayer\pgfcor
earrows.code.tex)
(C:\Users\10175\AppData\Local\Programs\MiKTeX\tex/generic/pgf/basiclayer\pgfcor
eshade.code.tex)
(C:\Users\10175\AppData\Local\Programs\MiKTeX\tex/generic/pgf/basiclayer\pgfcor
eimage.code.tex)
(C:\Users\10175\AppData\Local\Programs\MiKTeX\tex/generic/pgf/basiclayer\pgfcor
eexternal.code.tex)
(C:\Users\10175\AppData\Local\Programs\MiKTeX\tex/generic/pgf/basiclayer\pgfcor
elayers.code.tex)
(C:\Users\10175\AppData\Local\Programs\MiKTeX\tex/generic/pgf/basiclayer\pgfcor
etransparency.code.tex)
(C:\Users\10175\AppData\Local\Programs\MiKTeX\tex/generic/pgf/basiclayer\pgfcor
epatterns.code.tex)
(C:\Users\10175\AppData\Local\Programs\MiKTeX\tex/generic/pgf/basiclayer\pgfcor
erdf.code.tex)))
(C:\Users\10175\AppData\Local\Programs\MiKTeX\tex/generic/pgf/modules\pgfmodule
shapes.code.tex)
(C:\Users\10175\AppData\Local\Programs\MiKTeX\tex/generic/pgf/modules\pgfmodule
plot.code.tex)
(C:\Users\10175\AppData\Local\Programs\MiKTeX\tex/latex/pgf/compatibility\pgfco
mp-version-0-65.sty)
(C:\Users\10175\AppData\Local\Programs\MiKTeX\tex/latex/pgf/compatibility\pgfco
mp-version-1-18.sty))
(C:\Users\10175\AppData\Local\Programs\MiKTeX\tex/latex/pgf/utilities\pgffor.st
y
(C:\Users\10175\AppData\Local\Programs\MiKTeX\tex/latex/pgf/utilities\pgfkeys.s
ty
(C:\Users\10175\AppData\Local\Programs\MiKTeX\tex/generic/pgf/utilities\pgfkeys
.code.tex))
(C:\Users\10175\AppData\Local\Programs\MiKTeX\tex/latex/pgf/math\pgfmath.sty
(C:\Users\10175\AppData\Local\Programs\MiKTeX\tex/generic/pgf/math\pgfmath.code
.tex))
(C:\Users\10175\AppData\Local\Programs\MiKTeX\tex/generic/pgf/utilities\pgffor.
code.tex))
(C:\Users\10175\AppData\Local\Programs\MiKTeX\tex/generic/pgf/frontendlayer/tik
z\tikz.code.tex
(C:\Users\10175\AppData\Local\Programs\MiKTeX\tex/generic/pgf/libraries\pgflibr
aryplothandlers.code.tex)
(C:\Users\10175\AppData\Local\Programs\MiKTeX\tex/generic/pgf/modules\pgfmodule
matrix.code.tex)
(C:\Users\10175\AppData\Local\Programs\MiKTeX\tex/generic/pgf/frontendlayer/tik
z/libraries\tikzlibrarytopaths.code.tex)))
(C:\Users\10175\AppData\Local\Programs\MiKTeX\tex/latex/refcount\refcount.sty)
(C:\Users\10175\AppData\Local\Programs\MiKTeX\tex/latex/totcount\totcount.sty)
(C:\Users\10175\AppData\Local\Programs\MiKTeX\tex/latex/frankenstein\attrib.sty

(C:\Users\10175\AppData\Local\Programs\MiKTeX\tex/latex/frankenstein\moredefs.s
ty)) (C:\Users\10175\AppData\Local\Programs\MiKTeX\tex/latex/was\upgreek.sty)
(C:\Users\10175\AppData\Local\Programs\MiKTeX\tex/latex/tools\tabularx.sty)
(C:\Users\10175\AppData\Local\Programs\MiKTeX\tex/latex/pbox\pbox.sty)
(C:\Users\10175\AppData\Local\Programs\MiKTeX\tex/latex/ragged2e\ragged2e.sty)
(C:\Users\10175\AppData\Local\Programs\MiKTeX\tex/latex/tocloft\tocloft.sty)
(C:\Users\10175\AppData\Local\Programs\MiKTeX\tex/latex/subfig\subfig.sty
(C:\Users\10175\AppData\Local\Programs\MiKTeX\tex/latex/caption\caption.sty
(C:\Users\10175\AppData\Local\Programs\MiKTeX\tex/latex/caption\caption3.sty)))

(C:\Users\10175\AppData\Local\Programs\MiKTeX\tex/latex/adjustbox\adjustbox.sty
(C:\Users\10175\AppData\Local\Programs\MiKTeX\tex/latex/adjustbox\adjcalc.sty)
(C:\Users\10175\AppData\Local\Programs\MiKTeX\tex/latex/adjustbox\trimclip.sty
(C:\Users\10175\AppData\Local\Programs\MiKTeX\tex/latex/collectbox\collectbox.s
ty)
(C:\Users\10175\AppData\Local\Programs\MiKTeX\tex/latex/adjustbox\tc-pdftex.def
))
(C:\Users\10175\AppData\Local\Programs\MiKTeX\tex/latex/ifoddpage\ifoddpage.sty
) (C:\Users\10175\AppData\Local\Programs\MiKTeX\tex/latex/varwidth\varwidth.sty
)
==> First Aid for varwidth.sty applied!
) (C:\Users\10175\AppData\Local\Programs\MiKTeX\tex/latex/enotez\enotez.sty
(C:\Users\10175\AppData\Local\Programs\MiKTeX\tex/latex/l3kernel\expl3.sty
(C:\Users\10175\AppData\Local\Programs\MiKTeX\tex/latex/l3backend\l3backend-pdf
tex.def))
(C:\Users\10175\AppData\Local\Programs\MiKTeX\tex/latex/l3packages/xparse\xpars
e.sty)
(C:\Users\10175\AppData\Local\Programs\MiKTeX\tex/latex/l3packages/l3keys2e\l3k
eys2e.sty)
(C:\Users\10175\AppData\Local\Programs\MiKTeX\tex/latex/l3packages/xtemplate\xt
emplate.sty)
(C:\Users\10175\AppData\Local\Programs\MiKTeX\tex/latex/translations\translatio
ns.sty)) (Definitions/journalnames.tex)
(C:\Users\10175\AppData\Local\Programs\MiKTeX\tex/latex/amscls\amsthm.sty)
(C:\Users\10175\AppData\Local\Programs\MiKTeX\tex/latex/natbib\natbib.sty)
(C:\Users\10175\AppData\Local\Programs\MiKTeX\tex/latex/footmisc\footmisc.sty)
(C:\Users\10175\AppData\Local\Programs\MiKTeX\tex/latex/url\url.sty)
(C:\Users\10175\AppData\Local\Programs\MiKTeX\tex/latex/hyphenat\hyphenat.sty)
(C:\Users\10175\AppData\Local\Programs\MiKTeX\tex/latex/geometry\geometry.sty
(C:\Users\10175\AppData\Local\Programs\MiKTeX\tex/generic/iftex\ifvtex.sty)
(C:\Users\10175\AppData\Local\Programs\MiKTeX\tex/latex/geometry\geometry.cfg))
(C:\Users\10175\AppData\Local\Programs\MiKTeX\tex/latex/newfloat\newfloat.sty)
(C:\Users\10175\AppData\Local\Programs\MiKTeX\tex/latex/seqsplit\seqsplit.sty))
 (Definitions/package.tex
(C:\Users\10175\AppData\Local\Programs\MiKTeX\tex/latex/ulem\ulem.sty)
(C:\Users\10175\AppData\Local\Programs\MiKTeX\tex/latex/mathcomp\mathcomp.sty)
(C:\Users\10175\AppData\Local\Programs\MiKTeX\tex/latex/cjk\CJKutf8.sty
(C:\Users\10175\AppData\Local\Programs\MiKTeX\tex/generic/iftex\ifpdf.sty)
(C:\Users\10175\AppData\Local\Programs\MiKTeX\tex/latex/cjk\CJK.sty
(C:\Users\10175\AppData\Local\Programs\MiKTeX\tex/latex/cjk/mule\MULEenc.sty)
(C:\Users\10175\AppData\Local\Programs\MiKTeX\tex/latex/cjk\CJK.enc))
(C:\Users\10175\AppData\Local\Programs\MiKTeX\tex/latex/base\fontenc.sty
(C:\Users\10175\AppData\Local\Programs\MiKTeX\tex/latex/libertine\t1linuxlibert
inet-tlf.fd)))
(C:\Users\10175\AppData\Local\Programs\MiKTeX\tex/latex/psnfss\pifont.sty
(C:\Users\10175\AppData\Local\Programs\MiKTeX\tex/latex/psnfss\upzd.fd)
(C:\Users\10175\AppData\Local\Programs\MiKTeX\tex/latex/psnfss\upsy.fd))
(C:\Users\10175\AppData\Local\Programs\MiKTeX\tex/latex/tools\bm.sty)
(C:\Users\10175\AppData\Local\Programs\MiKTeX\tex/latex/bbm\bbm.sty)
(C:\Users\10175\AppData\Local\Programs\MiKTeX\tex/latex/verse\verse.sty))

LaTeX Warning: \include should only be used after \begin{document} on input lin
e 5.

(Definitions/unicode.tex)
(C:\Users\10175\AppData\Local\Programs\MiKTeX\tex/latex/algorithms\algorithmic.
sty)
(C:\Users\10175\AppData\Local\Programs\MiKTeX\tex/latex/hyperref\hyperref.sty
(C:\Users\10175\AppData\Local\Programs\MiKTeX\tex/generic/pdfescape\pdfescape.s
ty) (C:\Users\10175\AppData\Local\Programs\MiKTeX\tex/latex/hycolor\hycolor.sty
) (C:\Users\10175\AppData\Local\Programs\MiKTeX\tex/latex/hyperref\nameref.sty
(C:\Users\10175\AppData\Local\Programs\MiKTeX\tex/generic/gettitlestring\gettit
lestring.sty))
(C:\Users\10175\AppData\Local\Programs\MiKTeX\tex/generic/stringenc\stringenc.s
ty) (C:\Users\10175\AppData\Local\Programs\MiKTeX\tex/latex/hyperref\pd1enc.def
) (C:\Users\10175\AppData\Local\Programs\MiKTeX\tex/generic/intcalc\intcalc.sty
) (C:\Users\10175\AppData\Local\Programs\MiKTeX\tex/latex/hyperref\puenc.def
(C:\Users\10175\AppData\Local\Programs\MiKTeX\tex/latex/greek-fontenc\puenc-gre
ek.def
(C:\Users\10175\AppData\Local\Programs\MiKTeX\tex/latex/greek-fontenc\greek-fon
tenc.def)))
(C:\Users\10175\AppData\Local\Programs\MiKTeX\tex/generic/bitset\bitset.sty
(C:\Users\10175\AppData\Local\Programs\MiKTeX\tex/generic/bigintcalc\bigintcalc
.sty)))
(C:\Users\10175\AppData\Local\Programs\MiKTeX\tex/latex/hyperref\hpdftex.def
(C:\Users\10175\AppData\Local\Programs\MiKTeX\tex/latex/rerunfilecheck\rerunfil
echeck.sty
(C:\Users\10175\AppData\Local\Programs\MiKTeX\tex/generic/uniquecounter\uniquec
ounter.sty)))
(C:\Users\10175\AppData\Local\Programs\MiKTeX\tex/latex/cleveref\cleveref.sty)
==> First Aid for cleveref.sty applied!
(paper_cmc.aux)
(C:\Users\10175\AppData\Local\Programs\MiKTeX\tex/latex/cbfonts-fd\lgrcmr.fd)
(C:\Users\10175\AppData\Local\Programs\MiKTeX\tex/latex/libertinust1math\ls1lib
ertinust1math.fd)
(C:\Users\10175\AppData\Local\Programs\MiKTeX\tex/latex/libertinust1math\ls2lib
ertinust1mathsym.fd)
(C:\Users\10175\AppData\Local\Programs\MiKTeX\tex/context/base/mkii\supp-pdf.mk
ii
[Loading MPS to PDF converter (version 2006.09.02).]
)
(C:\Users\10175\AppData\Local\Programs\MiKTeX\tex/latex/translations/dicts\tran
slations-basic-dictionary-english.trsl)
*geometry* detected driver: pdftex
(paper_cmc.out) (paper_cmc.out)

Package hyperref Warning: Token not allowed in a PDF string (Unicode):
(hyperref)                removing `\mathsurround' on input line 57.


Package hyperref Warning: Token not allowed in a PDF string (Unicode):
(hyperref)                removing `\z@' on input line 57.


Package hyperref Warning: Token not allowed in a PDF string (Unicode):
(hyperref)                removing `superscript' on input line 57.


Package hyperref Warning: Token not allowed in a PDF string (Unicode):
(hyperref)                removing `\mathsurround' on input line 57.


Package hyperref Warning: Token not allowed in a PDF string (Unicode):
(hyperref)                removing `\z@' on input line 57.


Package hyperref Warning: Token not allowed in a PDF string (Unicode):
(hyperref)                removing `superscript' on input line 57.


Package hyperref Warning: Token not allowed in a PDF string (Unicode):
(hyperref)                removing `math shift' on input line 57.


Package hyperref Warning: Token not allowed in a PDF string (Unicode):
(hyperref)                removing `math shift' on input line 57.


Package hyperref Warning: Token not allowed in a PDF string (Unicode):
(hyperref)                removing `math shift' on input line 57.


Package hyperref Warning: Token not allowed in a PDF string (Unicode):
(hyperref)                removing `math shift' on input line 57.


Package hyperref Warning: Token not allowed in a PDF string (Unicode):
(hyperref)                removing `math shift' on input line 57.


Package hyperref Warning: Token not allowed in a PDF string (Unicode):
(hyperref)                removing `math shift' on input line 57.


Package hyperref Warning: Token not allowed in a PDF string (Unicode):
(hyperref)                removing `\mathsurround' on input line 57.


Package hyperref Warning: Token not allowed in a PDF string (Unicode):
(hyperref)                removing `\z@' on input line 57.


Package hyperref Warning: Token not allowed in a PDF string (Unicode):
(hyperref)                removing `superscript' on input line 57.


Package hyperref Warning: Token not allowed in a PDF string (Unicode):
(hyperref)                removing `\mathsurround' on input line 57.


Package hyperref Warning: Token not allowed in a PDF string (Unicode):
(hyperref)                removing `\z@' on input line 57.


Package hyperref Warning: Token not allowed in a PDF string (Unicode):
(hyperref)                removing `superscript' on input line 57.


(C:\Users\10175\AppData\Local\Programs\MiKTeX\tex/latex/libertinust1math\ls2lib
ertinust1mathex.fd)
(C:\Users\10175\AppData\Local\Programs\MiKTeX\tex/latex/amsfonts\umsa.fd)
(C:\Users\10175\AppData\Local\Programs\MiKTeX\tex/latex/microtype\mt-msa.cfg)
(C:\Users\10175\AppData\Local\Programs\MiKTeX\tex/latex/amsfonts\umsb.fd)
(C:\Users\10175\AppData\Local\Programs\MiKTeX\tex/latex/microtype\mt-msb.cfg)
(C:\Users\10175\AppData\Local\Programs\MiKTeX\tex/latex/libertinust1math\ls1lib
ertinust1mathbb.fd)
(C:\Users\10175\AppData\Local\Programs\MiKTeX\tex/latex/microtype\mt-eur.cfg)
(C:\Users\10175\AppData\Local\Programs\MiKTeX\tex/latex/microtype\mt-cmr.cfg)
(C:\Users\10175\AppData\Local\Programs\MiKTeX\tex/latex/libertine\t1linuxbiolin
umt-tlf.fd)

pdfTeX warning: pdflatex.exe (file ./Definitions/logo-tsp.pdf): PDF inclusion: 
found PDF version <1.6>, but at most version <1.5> allowed

Package fancyhdr Warning: \headheight is too small (12.0pt): 
(fancyhdr)                Make it at least 38.22325pt, for example:
(fancyhdr)                \setlength{\headheight}{38.22325pt}.
(fancyhdr)                You might also make \topmargin smaller:
(fancyhdr)                \addtolength{\topmargin}{-26.22325pt}.


(C:\Users\10175\AppData\Local\Programs\MiKTeX\tex/latex/libertine\ts1linuxliber
tinet-tlf.fd) [1{C:/Users/10175/AppData/Local/MiKTeX/fonts/map/pdftex/pdftex.ma
p}{C:/Users/10175/AppData/Local/Programs/MiKTeX/fonts/enc/dvips/libertine/lbtn_
76gpa5.enc}{C:/Users/10175/AppData/Local/Programs/MiKTeX/fonts/enc/dvips/libert
ine/lbtn_nh77jq.enc}{C:/Users/10175/AppData/Local/Programs/MiKTeX/fonts/enc/dvi
ps/libertine/lbtn_25tcsq.enc}{C:/Users/10175/AppData/Local/Programs/MiKTeX/font
s/enc/dvips/libertinust1math/libusMR.enc}{C:/Users/10175/AppData/Local/Programs
/MiKTeX/fonts/enc/dvips/libertinust1math/libusMI.enc}{C:/Users/10175/AppData/Lo
cal/Programs/MiKTeX/fonts/enc/dvips/libertine/lbtn_naooyc.enc} <./Definitions/l
ogo-tsp.pdf>]
(C:\Users\10175\AppData\Local\Programs\MiKTeX\tex/latex/libertine\t1linuxlibert
inemonot-tlf.fd) [2] [3{C:/Users/10175/AppData/Local/Programs/MiKTeX/fonts/enc/
dvips/libertine/lbtn_dhi6qf.enc} <./charts/architecture_diagram_1.png (PNG copy
)>] [4{C:/Users/10175/AppData/Local/Programs/MiKTeX/fonts/enc/dvips/libertine/l
btn_ki75ao.enc}] [5] [6{C:/Users/10175/AppData/Local/Programs/MiKTeX/fonts/enc/
dvips/libertinust1math/libusSYM.enc}]
Underfull \hbox (badness 7064) in paragraph at lines 136--137
[]\T1/LinuxLibertineT-TLF/m/n/10.95 (+20) The bench-mark ar-ti-facts are pre-se
rved for au-ditabil-ity. The dataset is stored un-der

Underfull \hbox (badness 1158) in paragraph at lines 136--137
\T1/LinuxLibertineMonoT-TLF/regular/n/10.95 verification _ pilot / agent _ audi
t _ 4 0 doc/$\T1/LinuxLibertineT-TLF/m/n/10.95 (+20) . The post-freeze role-sel
ective graph-gate

Underfull \hbox (badness 1259) in paragraph at lines 136--137
\T1/LinuxLibertineMonoT-TLF/regular/n/10.95 protocol . json$ \T1/LinuxLibertine
T-TLF/m/n/10.95 (+20) for document-level fold as-sign-ment and se-lected con-fi
g-u-ra-tions, $\T1/LinuxLibertineMonoT-TLF/regular/n/10.95 heldout _
[7] [8{C:/Users/10175/AppData/Local/Programs/MiKTeX/fonts/enc/dvips/libertinust
1math/libusEX.enc}]
Underfull \hbox (badness 2443) in paragraph at lines 214--215
[]|\T1/LinuxLibertineT-TLF/m/n/10.95 (+20) load shed, MW re-duc-tion, cus-tomer
 in-ter-rup-tion, gen-er-a-tion loss,
[9]
Underfull \hbox (badness 4205) in paragraph at lines 231--232
\LS1/libertinust1math/m/n/10.95 1\LS1/libertinust1math/m/it/10.95 :\LS1/liberti
nust1math/m/n/10.95 0 + 0\LS1/libertinust1math/m/it/10.95 :\LS1/libertinust1mat
h/m/n/10.95 15.\LS2/libertinust1mathsym/m/n/10.95 ‹ \LS1/libertinust1math/m/n/1
0.95 * 1/$\T1/LinuxLibertineT-TLF/m/n/10.95 (+20) ; unit bonus 0.8;

Underfull \hbox (badness 10000) in paragraph at lines 232--232
[]|\T1/LinuxLibertineT-TLF/m/n/10.95 (+20) Weighted se-quen-tial and se-man-tic


Underfull \hbox (badness 5460) in paragraph at lines 232--232
\T1/LinuxLibertineT-TLF/m/n/10.95 (+20) prox-im-ity be-tween sen-tence $\LS1/li
bertinust1math/m/it/10.95 j$ \T1/LinuxLibertineT-TLF/m/n/10.95 (+20) and

Underfull \hbox (badness 10000) in paragraph at lines 232--233
[]|$\LS1/libertinust1math/m/n/10.95 0\LS1/libertinust1math/m/it/10.95 :\LS1/lib
ertinust1math/m/n/10.95 45 [].*\LS2/libertinust1mathex/m/n/10.95 ð\LS1/libertin
ust1math/m/it/10.95 j \LS1/libertinust1math/m/n/10.95 * \LS1/libertinust1math/m
/it/10.95 k\LS2/libertinust1mathex/m/n/10.95 ð\LS1/libertinust1math/m/n/10.95 _
4\LS1/libertinust1math/m/it/10.95 :\LS1/libertinust1math/m/n/10.95 0/ +

Underfull \hbox (badness 10000) in paragraph at lines 232--233
\LS1/libertinust1math/m/n/10.95 0\LS1/libertinust1math/m/it/10.95 :\LS1/liberti
nust1math/m/n/10.95 55 [][].\LS1/libertinust1math/m/it/10.95 s[]; s[]\LS1/liber
tinust1math/m/n/10.95 /$\T1/LinuxLibertineT-TLF/m/n/10.95 (+20) , with se-quen-
tial

Underfull \hbox (badness 1755) in paragraph at lines 233--233
[]|\T1/LinuxLibertineT-TLF/m/n/10.95 (+20) Role-adjacency sup-port used by the

Underfull \hbox (badness 10000) in paragraph at lines 233--234
[]|\T1/LinuxLibertineT-TLF/m/n/10.95 (+20) trigger: root/propagation; root:

Underfull \hbox (badness 10000) in paragraph at lines 233--234
\T1/LinuxLibertineT-TLF/m/n/10.95 (+20) trig-ger/propagation; prop-a-ga-tion:

Underfull \hbox (badness 10000) in paragraph at lines 233--234
\T1/LinuxLibertineT-TLF/m/n/10.95 (+20) root/trigger/impact; im-pact:

Underfull \hbox (badness 10000) in paragraph at lines 233--234
\T1/LinuxLibertineT-TLF/m/n/10.95 (+20) prop-a-ga-tion/mitigation; mit-i-ga-tio
n:

Underfull \hbox (badness 1057) in paragraph at lines 235--235
[]|\T1/LinuxLibertineT-TLF/m/n/10.95 (+20) Role-gated chain sig-nal used by the


Underfull \hbox (badness 2735) in paragraph at lines 236--237
[]|$\LS1/libertinust1math/m/it/10.95 w[] \LS1/libertinust1math/m/n/10.95 = 0\LS
1/libertinust1math/m/it/10.95 :\LS1/libertinust1math/m/n/10.95 52$\T1/LinuxLibe
rtineT-TLF/m/n/10.95 (+20) , $\LS1/libertinust1math/m/it/10.95 w[] \LS1/liberti
nust1math/m/n/10.95 = 0\LS1/libertinust1math/m/it/10.95 :\LS1/libertinust1math/
m/n/10.95 40$\T1/LinuxLibertineT-TLF/m/n/10.95 (+20) , $\LS1/libertinust1math/m
/it/10.95 w[] \LS1/libertinust1math/m/n/10.95 =

Underfull \hbox (badness 1609) in paragraph at lines 236--237
\LS1/libertinust1math/m/n/10.95 0\LS1/libertinust1math/m/it/10.95 :\LS1/liberti
nust1math/m/n/10.95 08$\T1/LinuxLibertineT-TLF/m/n/10.95 (+20) ; seven can-di-d
ate con-fig-u-ra-tions

Overfull \hbox (32.04771pt too wide) in paragraph at lines 226--239
[][] 
[10] [11]
Underfull \hbox (badness 10000) in paragraph at lines 265--266

[12 <./charts/pipeline_overview_2.png (PNG copy)>] [13]
Underfull \hbox (badness 5622) in paragraph at lines 300--301
[]\T1/LinuxLibertineT-TLF/m/n/10.95 (+20) The fi-nal C$[]$GES con-di-tion uses 
the se-lected role-gated-chain con-fig-u-ra-tion recorded in
[14]
Overfull \hbox (1.99686pt too wide) in paragraph at lines 332--347
[][] 
[15]
Overfull \hbox (32.97726pt too wide) in paragraph at lines 364--375
[][] 
[16 <./charts/fig_2.png>] [17]
Underfull \hbox (badness 10000) in paragraph at lines 411--411
[]|\T1/LinuxLibertineT-TLF/b/n/10.95 (+20) Mean

Underfull \hbox (badness 10000) in paragraph at lines 411--411
\T1/LinuxLibertineT-TLF/b/n/10.95 (+20) Evidence-F1

Overfull \hbox (15.96669pt too wide) in paragraph at lines 411--411
[]|\T1/LinuxLibertineT-TLF/b/n/10.95 (-20) Document-Cluster

Underfull \hbox (badness 10000) in paragraph at lines 413--414
[]|\T1/LinuxLibertineT-TLF/m/n/10.95 (+20) Primary gain over

Underfull \hbox (badness 10000) in paragraph at lines 415--416
[]|\T1/LinuxLibertineT-TLF/m/n/10.95 (+20) Diagnostic gain

Underfull \hbox (badness 4582) in paragraph at lines 415--416
\T1/LinuxLibertineT-TLF/m/n/10.95 (+20) over se-man-tic query

Underfull \hbox (badness 10000) in paragraph at lines 416--417
[]|\T1/LinuxLibertineT-TLF/m/n/10.95 (+20) Role and struc-ture

Underfull \hbox (badness 10000) in paragraph at lines 416--417
\T1/LinuxLibertineT-TLF/m/n/10.95 (+20) terms im-prove

Underfull \hbox (badness 3503) in paragraph at lines 417--418
[]|\T1/LinuxLibertineT-TLF/m/n/10.95 (+20) Role com-pat-i-bil-ity is

Underfull \hbox (badness 10000) in paragraph at lines 418--419
[]|\T1/LinuxLibertineT-TLF/m/n/10.95 (+20) Small role-selective

Underfull \hbox (badness 10000) in paragraph at lines 419--420
[]|\T1/LinuxLibertineT-TLF/m/n/10.95 (+20) Revised pro-to-col

Underfull \hbox (badness 10000) in paragraph at lines 419--420
\T1/LinuxLibertineT-TLF/m/n/10.95 (+20) im-proves over fixed

Overfull \hbox (92.69518pt too wide) in paragraph at lines 409--422
[][] 
[18]
Overfull \hbox (106.37381pt too wide) in paragraph at lines 463--476
[][] 
[19 <./charts/fig_4.png>] [20] [21] [22] [23] (paper_cmc.bbl [24] [25]
Underfull \hbox (badness 1077) in paragraph at lines 182--186
[]\T1/LinuxLibertineT-TLF/m/n/10 (+20) Sotudeh S, Go-har-ian N.  QontSum: on co
n-trast-ing salient con-tent for query-focused sum-ma-riza-tion.
[26]) [27] 
enddocument/afterlastpage (AED): lastpage setting LastPage.
(paper_cmc.aux) )
(see the transcript file for additional information)<C:/Users/10175/AppData/Loc
al/Programs/MiKTeX/fonts/type1/public/libertinust1math/LibertinusT1Math.pfb><C:
/Users/10175/AppData/Local/Programs/MiKTeX/fonts/type1/public/libertine/LinBiol
inumT.pfb><C:/Users/10175/AppData/Local/Programs/MiKTeX/fonts/type1/public/libe
rtine/LinLibertineMT.pfb><C:/Users/10175/AppData/Local/Programs/MiKTeX/fonts/ty
pe1/public/libertine/LinLibertineT.pfb><C:/Users/10175/AppData/Local/Programs/M
iKTeX/fonts/type1/public/libertine/LinLibertineTB.pfb><C:/Users/10175/AppData/L
ocal/Programs/MiKTeX/fonts/type1/public/libertine/LinLibertineTBI.pfb><C:/Users
/10175/AppData/Local/Programs/MiKTeX/fonts/type1/public/amsfonts/symbols/msbm10
.pfb><C:/Users/10175/AppData/Local/Programs/MiKTeX/fonts/type1/public/stix/stix
-mathcal.pfb>
Output written on paper_cmc.pdf (27 pages, 3290521 bytes).
Transcript written on paper_cmc.log.
pdflatex: major issue: So far, you have not checked for MiKTeX updates.
