loading docs...
docs train/dev/test = 8000/1500/1500
loading encoder sentence-transformers/all-MiniLM-L6-v2...
building train examples...
  encoding 8196 sentences, 7478 claims...
building dev examples...
  encoding 1517 sentences, 1386 claims...
building test examples...
  encoding 1610 sentences, 1385 claims...
examples train/dev/test = 8000/1500/1500
epoch 1: train_loss=0.7860 train_f1=0.4991 dev_f1=0.4981 w=[0.6860812902450562, 0.2610318958759308, 0.05288686975836754]
epoch 2: train_loss=0.7329 train_f1=0.5016 dev_f1=0.4977 w=[0.6960734724998474, 0.25371262431144714, 0.05021395534276962]
epoch 3: train_loss=0.7202 train_f1=0.5023 dev_f1=0.5012 w=[0.6973986625671387, 0.25253260135650635, 0.05006873235106468]
epoch 4: train_loss=0.7100 train_f1=0.5050 dev_f1=0.4997 w=[0.6964799761772156, 0.2534586191177368, 0.0500614270567894]
evaluating test...
evaluating dev...
{
  "test_full_f1": 0.48966144552042384,
  "weights": [
    0.6964799761772156,
    0.2534586191177368,
    0.0500614270567894
  ]
}
wrote paper_projects\2026_c2ges_engineeringletters\workspace\w4_c2_five_seed\seed_2029\label_blind\summary.json
