loading docs...
docs train/dev/test = 8000/1500/1500
loading encoder sentence-transformers/all-MiniLM-L6-v2...
building train examples...
  encoding 8196 sentences, 7478 claims...
building dev examples...
  encoding 1517 sentences, 1386 claims...
building test examples...
  encoding 1610 sentences, 1385 claims...
examples train/dev/test = 8000/1500/1500
epoch 1: train_loss=0.7752 train_f1=0.4956 dev_f1=0.4966 w=[0.9457839131355286, 0.04521634057164192, 0.0089997798204422]
epoch 2: train_loss=0.7208 train_f1=0.4927 dev_f1=0.4950 w=[0.9718355536460876, 0.027443353086709976, 0.0007210909388959408]
epoch 3: train_loss=0.7117 train_f1=0.4925 dev_f1=0.4956 w=[0.9610814452171326, 0.03866249695420265, 0.0002561032888479531]
epoch 4: train_loss=0.7036 train_f1=0.4951 dev_f1=0.4973 w=[0.8991949558258057, 0.10054130107164383, 0.0002637416764628142]
evaluating test...
evaluating dev...
{
  "test_full_f1": 0.4852106518696302,
  "weights": [
    0.8991949558258057,
    0.10054130107164383,
    0.0002637416764628142
  ]
}
wrote D:\aicoding\powergrid_benchmark\paper_projects\applied_sciences_dual_rebuild\C2GES\addon_round3\runs\true_no_floor\seed_2027\summary.json
