loading docs...
docs train/dev/test = 8000/1500/1500
loading encoder sentence-transformers/all-MiniLM-L6-v2...
building train examples...
  encoding 8196 sentences, 7478 claims...
building dev examples...
  encoding 1517 sentences, 1386 claims...
building test examples...
  encoding 1610 sentences, 1385 claims...
examples train/dev/test = 8000/1500/1500
epoch 1: train_loss=0.7725 train_f1=0.4974 dev_f1=0.4967 w=[0.937248945236206, 0.053620290011167526, 0.009130774065852165]
epoch 2: train_loss=0.7187 train_f1=0.4934 dev_f1=0.4951 w=[0.960752546787262, 0.03850351646542549, 0.0007439082837663591]
epoch 3: train_loss=0.7088 train_f1=0.4940 dev_f1=0.4963 w=[0.9338091015815735, 0.06591522693634033, 0.00027572375256568193]
epoch 4: train_loss=0.6995 train_f1=0.4989 dev_f1=0.4972 w=[0.8247379064559937, 0.17497451603412628, 0.00028757465770468116]
evaluating test...
evaluating dev...
{
  "test_full_f1": 0.4875191174780958,
  "weights": [
    0.8247379064559937,
    0.17497451603412628,
    0.00028757465770468116
  ]
}
wrote D:\aicoding\powergrid_benchmark\paper_projects\applied_sciences_dual_rebuild\C2GES\addon_round3\runs\true_no_floor\seed_2030\summary.json
