loading docs...
docs train/dev/test = 8000/1500/1500
loading encoder sentence-transformers/all-MiniLM-L6-v2...
building train examples...
  encoding 8196 sentences, 7478 claims...
building dev examples...
  encoding 1517 sentences, 1386 claims...
building test examples...
  encoding 1610 sentences, 1385 claims...
examples train/dev/test = 8000/1500/1500
epoch 1: train_loss=0.7850 train_f1=0.4994 dev_f1=0.4985 w=[0.6856755614280701, 0.26150766015052795, 0.0528167188167572]
epoch 2: train_loss=0.7352 train_f1=0.5016 dev_f1=0.4990 w=[0.6962630152702332, 0.2535286247730255, 0.05020837485790253]
epoch 3: train_loss=0.7217 train_f1=0.5028 dev_f1=0.5020 w=[0.6977152228355408, 0.25221773982048035, 0.050067055970430374]
epoch 4: train_loss=0.7107 train_f1=0.5043 dev_f1=0.5005 w=[0.6971052289009094, 0.2528356611728668, 0.050059132277965546]
evaluating test...
evaluating dev...
{
  "test_full_f1": 0.4923055001585962,
  "weights": [
    0.6971052289009094,
    0.2528356611728668,
    0.050059132277965546
  ]
}
wrote paper_projects\2026_c2ges_engineeringletters\workspace\w4_c2_five_seed\seed_2027\label_blind\summary.json
