loading docs...
docs train/dev/test = 8000/1500/1500
loading encoder sentence-transformers/all-MiniLM-L6-v2...
building train examples...
  encoding 8196 sentences, 7478 claims...
building dev examples...
  encoding 1517 sentences, 1386 claims...
building test examples...
  encoding 1610 sentences, 1385 claims...
examples train/dev/test = 8000/1500/1500
epoch 1: train_loss=0.7947 train_f1=0.4989 dev_f1=0.5021 w=[0.6884036064147949, 0.2587116062641144, 0.05288483202457428]
epoch 2: train_loss=0.7362 train_f1=0.5017 dev_f1=0.4999 w=[0.6972202658653259, 0.25256970524787903, 0.05021001026034355]
epoch 3: train_loss=0.7222 train_f1=0.5028 dev_f1=0.5007 w=[0.698373019695282, 0.25156185030937195, 0.05006515234708786]
epoch 4: train_loss=0.7134 train_f1=0.5044 dev_f1=0.5009 w=[0.6982895135879517, 0.2516554296016693, 0.05005502328276634]
evaluating test...
evaluating dev...
{
  "test_full_f1": 0.49245906456804295,
  "weights": [
    0.6982895135879517,
    0.2516554296016693,
    0.05005502328276634
  ]
}
wrote paper_projects\2026_c2ges_engineeringletters\workspace\w4_c2_five_seed\seed_2029\predicted\summary.json
