loading docs...
docs train/dev/test = 8000/1500/1500
loading encoder sentence-transformers/all-MiniLM-L6-v2...
building train examples...
  encoding 8196 sentences, 7478 claims...
building dev examples...
  encoding 1517 sentences, 1386 claims...
building test examples...
  encoding 1610 sentences, 1385 claims...
examples train/dev/test = 8000/1500/1500
epoch 1: train_loss=0.7894 train_f1=0.4993 dev_f1=0.5025 w=[0.6869885325431824, 0.2601931393146515, 0.052818335592746735]
epoch 2: train_loss=0.7357 train_f1=0.5018 dev_f1=0.4995 w=[0.696674644947052, 0.2531174123287201, 0.05020799860358238]
epoch 3: train_loss=0.7218 train_f1=0.5027 dev_f1=0.5012 w=[0.6979880332946777, 0.25194573402404785, 0.050066299736499786]
epoch 4: train_loss=0.7102 train_f1=0.5050 dev_f1=0.5022 w=[0.6973603963851929, 0.2525812089443207, 0.050058454275131226]
evaluating test...
evaluating dev...
{
  "test_full_f1": 0.4938514259104042,
  "weights": [
    0.6973603963851929,
    0.2525812089443207,
    0.050058454275131226
  ]
}
wrote paper_projects\2026_c2ges_engineeringletters\workspace\w4_c2_five_seed\seed_2027\oracle\summary.json
