loading docs...
docs train/dev/test = 8000/1500/1500
loading encoder sentence-transformers/all-MiniLM-L6-v2...
building train examples...
  encoding 8196 sentences, 7478 claims...
building dev examples...
  encoding 1517 sentences, 1386 claims...
building test examples...
  encoding 1610 sentences, 1385 claims...
examples train/dev/test = 8000/1500/1500
epoch 1: train_loss=0.4894 train_f1=0.4930 dev_f1=0.4964 w=[0.9436464905738831, 0.0, 0.05635353922843933]
epoch 2: train_loss=0.4768 train_f1=0.4924 dev_f1=0.4962 w=[0.9495841264724731, 0.0, 0.05041589215397835]
epoch 3: train_loss=0.4764 train_f1=0.4924 dev_f1=0.4962 w=[0.9499145746231079, 0.0, 0.0500854067504406]
epoch 4: train_loss=0.4764 train_f1=0.4924 dev_f1=0.4962 w=[0.9499527215957642, 0.0, 0.05004731938242912]
evaluating test...
evaluating dev...
{
  "test_full_f1": 0.48303345129242964,
  "weights": [
    0.9499527215957642,
    0.0,
    0.05004731938242912
  ]
}
wrote D:\aicoding\powergrid_benchmark\paper_projects\applied_sciences_dual_rebuild\C2GES\addon_round3\runs\true_no_role\seed_2028\summary.json
